Component: ARM Compiler 5.06 update 6 (build 750) Tool: armlink [4d35ed]

==============================================================================

Section Cross References

    main.o(.text) refers to bsp_dac.o(.text) for DAC_Mode_Init
    main.o(.text) refers to 24cxx.o(.text) for AT24CXX_Init
    main.o(.text) refers to core_delay.o(.text) for CPU_TS_Tmr_Delay_US
    main.o(.text) refers to delay.o(.text) for delay_init
    main.o(.text) refers to misc.o(.text) for NVIC_PriorityGroupConfig
    main.o(.text) refers to usart.o(.text) for uart_init
    main.o(.text) refers to lcd.o(.text) for LCD_Init
    main.o(.text) refers to key.o(.text) for KEY_Init
    main.o(.text) refers to rtc.o(.text) for RTC_Init
    main.o(.text) refers to ffixu.o(x$fpl$ffixu) for __aeabi_f2uiz
    main.o(.text) refers to fflt_clz.o(x$fpl$ffltu) for __aeabi_ui2f
    main.o(.text) refers to main.o(.data) for IICData
    main.o(.text) refers to system_stm32f10x.o(.data) for SystemCoreClock
    main.o(.text) refers to usmart_config.o(.data) for usmart_dev
    main.o(.text) refers to lcd.o(.data) for POINT_COLOR
    main.o(.text) refers to rtc.o(.bss) for calendar
    main.o(.text) refers to frleqf.o(x$fpl$frleqf) for __aeabi_cfrcmple
    main.o(.text) refers to faddsub_clz.o(x$fpl$fsub) for __aeabi_fsub
    main.o(.text) refers to fleqf.o(x$fpl$fleqf) for __aeabi_cfcmple
    main.o(.text) refers to faddsub_clz.o(x$fpl$fadd) for __aeabi_fadd
    main.o(.text) refers to led.o(.text) for Display
    main.o(.text) refers to bsp_dac.o(.data) for timeset
    main.o(.text) refers to bsp_dac.o(.constdata) for Sine12bit
    main.o(.text) refers to bsp_dac.o(.bss) for Dual12bit
    system_stm32f10x.o(.text) refers to system_stm32f10x.o(.data) for SystemCoreClock
    24cxx.o(.text) refers to myiic.o(.text) for IIC_Init
    24cxx.o(.text) refers to core_delay.o(.text) for CPU_TS_Tmr_Delay_US
    myiic.o(.text) refers to stm32f10x_rcc.o(.text) for RCC_APB2PeriphClockCmd
    myiic.o(.text) refers to stm32f10x_gpio.o(.text) for GPIO_Init
    myiic.o(.text) refers to core_delay.o(.text) for CPU_TS_Tmr_Delay_US
    bsp_systick.o(.text) refers to system_stm32f10x.o(.data) for SystemCoreClock
    bsp_systick.o(.text) refers to bsp_systick.o(.data) for TimingDelay
    core_delay.o(.text) refers to system_stm32f10x.o(.data) for SystemCoreClock
    bsp_led.o(.text) refers to stm32f10x_rcc.o(.text) for RCC_APB2PeriphClockCmd
    bsp_led.o(.text) refers to stm32f10x_gpio.o(.text) for GPIO_Init
    bsp_usart.o(.text) refers to stm32f10x_rcc.o(.text) for RCC_APB2PeriphClockCmd
    bsp_usart.o(.text) refers to stm32f10x_gpio.o(.text) for GPIO_Init
    bsp_usart.o(.text) refers to stm32f10x_usart.o(.text) for USART_Init
    ld3320.o(.text) refers to stm32f10x_spi.o(.text) for SPI_I2S_GetFlagStatus
    ld3320.o(.text) refers to stm32f10x_gpio.o(.text) for GPIO_ResetBits
    ld3320.o(.text) refers to bsp_systick.o(.text) for SysTick_Delay_Us
    ld3320.o(.text) refers to rt_memcpy_w.o(.text) for __aeabi_memcpy4
    ld3320.o(.text) refers to noretval__2printf.o(.text) for __2printf
    ld3320.o(.text) refers to stm32f10x_rcc.o(.text) for RCC_APB2PeriphClockCmd
    ld3320.o(.text) refers to ld3320.o(.data) for nLD_Mode
    ld3320.o(.text) refers to ld3320.o(.constdata) for .constdata
    ld3320.o(.text) refers to stm32f10x_exti.o(.text) for EXTI_Init
    ld3320.o(.text) refers to misc.o(.text) for NVIC_Init
    ld3320_test.o(.text) refers to _printf_percent.o(.ARM.Collect$$_printf_percent$$00000000) for _printf_percent
    ld3320_test.o(.text) refers to _printf_d.o(.ARM.Collect$$_printf_percent$$00000009) for _printf_d
    ld3320_test.o(.text) refers to _printf_dec.o(.text) for _printf_int_dec
    ld3320_test.o(.text) refers to bsp_systick.o(.text) for SysTick_Delay_Ms
    ld3320_test.o(.text) refers to noretval__2printf.o(.text) for __2printf
    ld3320_test.o(.text) refers to ld3320.o(.text) for LD_WriteReg
    ld3320_test.o(.text) refers to ld3320_test.o(.data) for direct
    bsp_dac.o(.text) refers to stm32f10x_rcc.o(.text) for RCC_APB2PeriphClockCmd
    bsp_dac.o(.text) refers to stm32f10x_gpio.o(.text) for GPIO_Init
    bsp_dac.o(.text) refers to stm32f10x_dac.o(.text) for DAC_Init
    bsp_dac.o(.text) refers to stm32f10x_tim.o(.text) for TIM_TimeBaseInit
    bsp_dac.o(.text) refers to stm32f10x_dma.o(.text) for DMA_Init
    bsp_dac.o(.text) refers to bsp_dac.o(.data) for timeset
    bsp_dac.o(.text) refers to bsp_dac.o(.bss) for Dual12bit
    led.o(.text) refers to stm32f10x_rcc.o(.text) for RCC_APB2PeriphClockCmd
    led.o(.text) refers to stm32f10x_gpio.o(.text) for GPIO_Init
    led.o(.text) refers to led.o(.data) for seg_tab
    lcd.o(.text) refers to _printf_percent.o(.ARM.Collect$$_printf_percent$$00000000) for _printf_percent
    lcd.o(.text) refers to _printf_x.o(.ARM.Collect$$_printf_percent$$0000000C) for _printf_x
    lcd.o(.text) refers to _printf_hex_int.o(.text) for _printf_longlong_hex
[...]
    .text                                    0x08007e74   Section        0  stm32f10x_bkp.o(.text)
    .text                                    0x08007f38   Section        0  stm32f10x_dac.o(.text)
    .text                                    0x080080c4   Section        0  stm32f10x_dma.o(.text)
    .text                                    0x08008318   Section        0  stm32f10x_pwr.o(.text)
    .text                                    0x080083e4   Section        0  stm32f10x_rtc.o(.text)
    .text                                    0x0800852c   Section        0  stm32f10x_tim.o(.text)
    TI4_Config                               0x080089d3   Thumb Code   130  stm32f10x_tim.o(.text)
    TI3_Config                               0x08008a67   Thumb Code   122  stm32f10x_tim.o(.text)
    TI2_Config                               0x08008afb   Thumb Code   130  stm32f10x_tim.o(.text)
    TI1_Config                               0x08008b8f   Thumb Code   108  stm32f10x_tim.o(.text)
    .text                                    0x08009348   Section        0  usmart.o(.text)
    .text                                    0x08009f80   Section        0  usmart_str.o(.text)
    .text                                    0x0800a4a8   Section        2  use_no_semi_2.o(.text)
    .text                                    0x0800a4ac   Section        0  noretval__2printf.o(.text)
    .text                                    0x0800a4c4   Section        0  _printf_pad.o(.text)
    .text                                    0x0800a512   Section        0  _printf_str.o(.text)
    .text                                    0x0800a564   Section        0  _printf_dec.o(.text)
    .text                                    0x0800a5dc   Section        0  _printf_hex_int.o(.text)
    .text                                    0x0800a634   Section        0  __printf_flags_ss_wp.o(.text)
    .text                                    0x0800a7bc   Section        0  heapauxi.o(.text)
    .text                                    0x0800a7c2   Section        2  use_no_semi.o(.text)
    .text                                    0x0800a7c4   Section        0  _printf_intcommon.o(.text)
    .text                                    0x0800a876   Section        0  _printf_char.o(.text)
    .text                                    0x0800a8a4   Section        0  _printf_char_file.o(.text)
    .text                                    0x0800a8c8   Section        0  _printf_char_common.o(.text)
    _printf_input_char                       0x0800a8c9   Thumb Code    10  _printf_char_common.o(.text)
    .text                                    0x0800a8f8   Section        0  ferror.o(.text)
    .text                                    0x0800a900   Section       74  sys_stackheap_outer.o(.text)
    .text                                    0x0800a94a   Section        0  exit.o(.text)
    .text                                    0x0800a95c   Section        8  libspace.o(.text)
    i._is_digit                              0x0800a964   Section        0  __printf_wp.o(i._is_digit)
    x$fpl$dfixu                              0x0800a974   Section       90  dfixu.o(x$fpl$dfixu)
    x$fpl$dfltu                              0x0800a9ce   Section       38  dflt_clz.o(x$fpl$dfltu)
    x$fpl$dmul                               0x0800a9f4   Section      340  dmul.o(x$fpl$dmul)
    x$fpl$dnaninf                            0x0800ab48   Section      156  dnaninf.o(x$fpl$dnaninf)
    x$fpl$dretinf                            0x0800abe4   Section       12  dretinf.o(x$fpl$dretinf)
    x$fpl$fadd                               0x0800abf0   Section      196  faddsub_clz.o(x$fpl$fadd)
    _fadd1                                   0x0800abff   Thumb Code     0  faddsub_clz.o(x$fpl$fadd)
    x$fpl$fcmpinf                            0x0800acb4   Section       24  fcmpi.o(x$fpl$fcmpinf)
    x$fpl$ffixu                              0x0800accc   Section       62  ffixu.o(x$fpl$ffixu)
    x$fpl$ffltu                              0x0800ad0c   Section       38  fflt_clz.o(x$fpl$ffltu)
    x$fpl$fleqf                              0x0800ad34   Section      104  fleqf.o(x$fpl$fleqf)
    x$fpl$fnaninf                            0x0800ad9c   Section      140  fnaninf.o(x$fpl$fnaninf)
    x$fpl$fretinf                            0x0800ae28   Section       10  fretinf.o(x$fpl$fretinf)
    x$fpl$frleqf                             0x0800ae32   Section       98  frleqf.o(x$fpl$frleqf)
    x$fpl$fsub                               0x0800ae94   Section      234  faddsub_clz.o(x$fpl$fsub)
    _fsub1                                   0x0800aea3   Thumb Code     0  faddsub_clz.o(x$fpl$fsub)
    .constdata                               0x0800af7e   Section      448  bsp_dac.o(.constdata)
    x$fpl$usenofp                            0x0800af7e   Section        0  usenofp.o(x$fpl$usenofp)
    .constdata                               0x0800b13e   Section     6656  lcd.o(.constdata)
    .constdata                               0x0800cb3e   Section       24  rtc.o(.constdata)
    .constdata                               0x0800cb56   Section       40  _printf_hex_int.o(.constdata)
    uc_hextab                                0x0800cb56   Data          20  _printf_hex_int.o(.constdata)
    lc_hextab                                0x0800cb6a   Data          20  _printf_hex_int.o(.constdata)
    .constdata                               0x0800cb7e   Section       17  __printf_flags_ss_wp.o(.constdata)
    maptable                                 0x0800cb7e   Data          17  __printf_flags_ss_wp.o(.constdata)
    .conststring                             0x0800cb90   Section       40  usmart.o(.conststring)
    .conststring                             0x0800cbb8   Section      167  usmart_config.o(.conststring)
    .data                                    0x20000000   Section       40  main.o(.data)
    .data                                    0x20000028   Section       20  system_stm32f10x.o(.data)
    .data                                    0x2000003c   Section        2  bsp_dac.o(.data)
    .data                                    0x2000003e   Section       10  led.o(.data)
    .data                                    0x20000048   Section        4  lcd.o(.data)
    .data                                    0x2000004c   Section        2  key.o(.data)
    .data                                    0x2000004e   Section        2  rtc.o(.data)
    daycnt                                   0x2000004e   Data           2  rtc.o(.data)
    .data                                    0x20000050   Section        4  delay.o(.data)
    fac_us                                   0x20000050   Data           1  delay.o(.data)
    fac_ms                                   0x20000052   Data           2  delay.o(.data)
    .data                                    0x20000054   Section        6  usart.o(.data)
    .data                                    0x2000005a   Section       20  stm32f10x_rcc.o(.data)
    APBAHBPrescTable                         0x2000005a   Data          16  stm32f10x_rcc.o(.data)
    ADCPrescTable                            0x2000006a   Data           4  stm32f10x_rcc.o(.data)
    .data                                    0x20000070   Section       28  usmart.o(.data)
    .data                                    0x2000008c   Section      284  usmart_config.o(.data)
    .bss                                     0x200001a8   Section      128  bsp_dac.o(.bss)
    .bss                                     0x20000228   Section       14  lcd.o(.bss)
    .bss                                     0x20000236   Section       10  rtc.o(.bss)
    .bss                                     0x20000240   Section      200  usart.o(.bss)
    .bss                                     0x20000308   Section       96  libspace.o(.bss)
    HEAP                                     0x20000368   Section      512  startup_stm32f10x_hd.o(HEAP)
    Heap_Mem                                 0x20000368   Data         512  startup_stm32f10x_hd.o(HEAP)
    STACK                                    0x20000568   Section     1024  startup_stm32f10x_hd.o(STACK)
    Stack_Mem                                0x20000568   Data        1024  startup_stm32f10x_hd.o(STACK)
    __initial_sp                             0x20000968   Data           0  startup_stm32f10x_hd.o(STACK)

    Global Symbols

    Symbol Name                              Value     Ov Type        Size  Object(Section)

    BuildAttributes$$THM_ISAv4$P$D$K$B$S$PE$A:L22UL41UL21$X:L11$S22US41US21$IEEE1$IW$USESV6$~STKCKD$USESV7$~SHL$OSPACE$ROPI$EBA8$UX$STANDARDLIB$REQ8$PRES8$EABIv2 0x00000000   Number         0  anon$$obj.o ABSOLUTE
    __ARM_use_no_argv                        0x00000000   Number         0  main.o ABSOLUTE
    _printf_flags                            0x00000000   Number         0  printf_stubs.o ABSOLUTE
    _printf_return_value                     0x00000000   Number         0  printf_stubs.o ABSOLUTE
    _printf_sizespec                         0x00000000   Number         0  printf_stubs.o ABSOLUTE
    _printf_widthprec                        0x00000000   Number         0  printf_stubs.o ABSOLUTE
    __ARM_exceptions_init                     - Undefined Weak Reference
    __alloca_initialize                       - Undefined Weak Reference
    __arm_preinit_                            - Undefined Weak Reference
    __cpp_initialize__aeabi_                  - Undefined Weak Reference
    __cxa_finalize                            - Undefined Weak Reference
    __rt_locale                               - Undefined Weak Reference
    __sigvec_lookup                           - Undefined Weak Reference
    _atexit_init                              - Undefined Weak Reference
    _call_atexit_fns                          - Undefined Weak Reference
    _clock_init                               - Undefined Weak Reference
    _fp_trap_init                             - Undefined Weak Reference
    _fp_trap_shutdown                         - Undefined Weak Reference
    _get_lc_collate                           - Undefined Weak Reference
    _get_lc_ctype                             - Undefined Weak Reference
    _get_lc_monetary                          - Undefined Weak Reference
    _get_lc_numeric                           - Undefined Weak Reference
    _get_lc_time                              - Undefined Weak Reference
    _getenv_init                              - Undefined Weak Reference
    _handle_redirection                       - Undefined Weak Reference
    _init_alloc                               - Undefined Weak Reference
    _init_user_alloc                          - Undefined Weak Reference
    _initio                                   - Undefined Weak Reference
    _mutex_acquire                            - Undefined Weak Reference
    _mutex_release                            - Undefined Weak Reference
    _printf_mbtowc                            - Undefined Weak Reference
    _printf_truncate_signed                   - Undefined Weak Reference
    _printf_truncate_unsigned                 - Undefined Weak Reference
    _rand_init                                - Undefined Weak Reference
    _signal_finish                            - Undefined Weak Reference
    _signal_init                              - Undefined Weak Reference
    _terminate_alloc                          - Undefined Weak Reference
    _terminate_user_alloc                     - Undefined Weak Reference
    _terminateio                              - Undefined Weak Reference
    __Vectors_Size                           0x00000130   Number         0  startup_stm32f10x_hd.o ABSOLUTE
    __Vectors                                0x08000000   Data           4  startup_stm32f10x_hd.o(RESET)
    __Vectors_End                            0x08000130   Data           0  startup_stm32f10x_hd.o(RESET)
    __main                                   0x08000131   Thumb Code     8  __main.o(!!!main)
    __scatterload                            0x08000139   Thumb Code     0  __scatter.o(!!!scatter)
    __scatterload_rt2                        0x08000139   Thumb Code    44  __scatter.o(!!!scatter)
    __scatterload_rt2_thumb_only             0x08000139   Thumb Code     0  __scatter.o(!!!scatter)
    __scatterload_null                       0x08000147   Thumb Code     0  __scatter.o(!!!scatter)
    __decompress                             0x0800016d   Thumb Code    90  __dczerorl2.o(!!dczerorl2)
    __decompress1                            0x0800016d   Thumb Code     0  __dczerorl2.o(!!dczerorl2)
    __scatterload_zeroinit                   0x080001c9   Thumb Code    28  __scatter_zi.o(!!handler_zi)
    _printf_d                                0x080001e5   Thumb Code     0  _printf_d.o(.ARM.Collect$$_printf_percent$$00000009)
    _printf_percent                          0x080001e5   Thumb Code     0  _printf_percent.o(.ARM.Collect$$_printf_percent$$00000000)
    _printf_u                                0x080001eb   Thumb Code     0  _printf_u.o(.ARM.Collect$$_printf_percent$$0000000A)
    _printf_x                                0x080001f1   Thumb Code     0  _printf_x.o(.ARM.Collect$$_printf_percent$$0000000C)
    _printf_c                                0x080001f7   Thumb Code     0  _printf_c.o(.ARM.Collect$$_printf_percent$$00000013)
    _printf_s                                0x080001fd   Thumb Code     0  _printf_s.o(.ARM.Collect$$_printf_percent$$00000014)
    _printf_percent_end                      0x08000203   Thumb Code     0  _printf_percent_end.o(.ARM.Collect$$_printf_percent$$00000017)
    __rt_lib_init                            0x08000207   Thumb Code     0  libinit.o(.ARM.Collect$$libinit$$00000000)
    __rt_lib_init_alloca_1                   0x08000209   Thumb Code     0  libinit2.o(.ARM.Collect$$libinit$$0000002E)
    __rt_lib_init_argv_1                     0x08000209   Thumb Code     0  libinit2.o(.ARM.Collect$$libinit$$0000002C)
    __rt_lib_init_atexit_1                   0x08000209   Thumb Code     0  libinit2.o(.ARM.Collect$$libinit$$0000001B)
    __rt_lib_init_clock_1                    0x08000209   Thumb Code     0  libinit2.o(.ARM.Collect$$libinit$$00000021)
    __rt_lib_init_cpp_1                      0x08000209   Thumb Code     0  libinit2.o(.ARM.Collect$$libinit$$00000032)
    __rt_lib_init_exceptions_1               0x08000209   Thumb Code     0  libinit2.o(.ARM.Collect$$libinit$$00000030)
    __rt_lib_init_fp_1                       0x08000209   Thumb Code     0  libinit2.o(.ARM.Collect$$libinit$$00000002)
    __rt_lib_init_fp_trap_1                  0x08000209   Thumb Code     0  libinit2.o(.ARM.Collect$$libinit$$0000001F)
    __rt_lib_init_getenv_1                   0x08000209   Thumb Code     0  libinit2.o(.ARM.Collect$$libinit$$00000023)
    __rt_lib_init_heap_1                     0x08000209   Thumb Code     0  libinit2.o(.ARM.Collect$$libinit$$0000000A)
    __rt_lib_init_lc_collate_1               0x08000209   Thumb Code     0  libinit2.o(.ARM.Collect$$libinit$$00000011)
    __rt_lib_init_lc_ctype_1                 0x08000209   Thumb Code     0  libinit2.o(.ARM.Collect$$libinit$$00000013)
    __rt_lib_init_lc_monetary_1              0x08000209   Thumb Code     0  libinit2.o(.ARM.Collect$$libinit$$00000015)
    __rt_lib_init_lc_numeric_1               0x08000209   Thumb Code     0  libinit2.o(.ARM.Collect$$libinit$$00000017)
    __rt_lib_init_lc_time_1                  0x08000209   Thumb Code     0  libinit2.o(.ARM.Collect$$libinit$$00000019)
    __rt_lib_init_preinit_1                  0x08000209   Thumb Code     0  libinit2.o(.ARM.Collect$$libinit$$00000004)
    __rt_lib_init_rand_1                     0x08000209   Thumb Code     0  libinit2.o(.ARM.Collect$$libinit$$0000000E)
    __rt_lib_init_return                     0x08000209   Thumb Code     0  libinit2.o(.ARM.Collect$$libinit$$00000033)
    __rt_lib_init_signal_1                   0x08000209   Thumb Code     0  libinit2.o(.ARM.Collect$$libinit$$0000001D)
    __rt_lib_init_stdio_1                    0x08000209   Thumb Code     0  libinit2.o(.ARM.Collect$$libinit$$00000025)
    __rt_lib_init_user_alloc_1               0x08000209   Thumb Code     0  libinit2.o(.ARM.Collect$$libinit$$0000000C)
    __rt_lib_shutdown                        0x0800020b   Thumb Code     0  libshutdown.o(.ARM.Collect$$libshutdown$$00000000)
    __rt_lib_shutdown_cpp_1                  0x0800020d   Thumb Code     0  libshutdown2.o(.ARM.Collect$$libshutdown$$00000002)
    __rt_lib_shutdown_fp_trap_1              0x0800020d   Thumb Code     0  libshutdown2.o(.ARM.Collect$$libshutdown$$00000007)
    __rt_lib_shutdown_heap_1                 0x0800020d   Thumb Code     0  libshutdown2.o(.ARM.Collect$$libshutdown$$0000000F)
    __rt_lib_shutdown_return                 0x0800020d   Thumb Code     0  libshutdown2.o(.ARM.Collect$$libshutdown$$00000010)
    __rt_lib_shutdown_signal_1               0x0800020d   Thumb Code     0  libshutdown2.o(.ARM.Collect$$libshutdown$$0000000A)
    __rt_lib_shutdown_stdio_1                0x0800020d   Thumb Code     0  libshutdown2.o(.ARM.Collect$$libshutdown$$00000004)
    __rt_lib_shutdown_user_alloc_1           0x0800020d   Thumb Code     0  libshutdown2.o(.ARM.Collect$$libshutdown$$0000000C)
    __rt_entry                               0x0800020f   Thumb Code     0  __rtentry.o(.ARM.Collect$$rtentry$$00000000)
    __rt_entry_presh_1                       0x0800020f   Thumb Code     0  __rtentry2.o(.ARM.Collect$$rtentry$$00000002)
    __rt_entry_sh                            0x0800020f   Thumb Code     0  __rtentry4.o(.ARM.Collect$$rtentry$$00000004)
    __rt_entry_li                            0x08000215   Thumb Code     0  __rtentry2.o(.ARM.Collect$$rtentry$$0000000A)
    __rt_entry_postsh_1                      0x08000215   Thumb Code     0  __rtentry2.o(.ARM.Collect$$rtentry$$00000009)
    __rt_entry_main                          0x08000219   Thumb Code     0  __rtentry2.o(.ARM.Collect$$rtentry$$0000000D)
    __rt_entry_postli_1                      0x08000219   Thumb Code     0  __rtentry2.o(.ARM.Collect$$rtentry$$0000000C)
    __rt_exit                                0x08000221   Thumb Code     0  rtexit.o(.ARM.Collect$$rtexit$$00000000)
    __rt_exit_ls                             0x08000223   Thumb Code     0  rtexit2.o(.ARM.Collect$$rtexit$$00000003)
    __rt_exit_prels_1                        0x08000223   Thumb Code     0  rtexit2.o(.ARM.Collect$$rtexit$$00000002)
    __rt_exit_exit                           0x08000227   Thumb Code     0  rtexit2.o(.ARM.Collect$$rtexit$$00000004)
    main                                     0x0800022d   Thumb Code  2860  main.o(.text)
    NMI_Handler                              0x08000d81   Thumb Code     2  stm32f10x_it.o(.text)
    HardFault_Handler                        0x08000d83   Thumb Code     4  stm32f10x_it.o(.text)
    MemManage_Handler                        0x08000d87   Thumb Code     4  stm32f10x_it.o(.text)
    BusFault_Handler                         0x08000d8b   Thumb Code     4  stm32f10x_it.o(.text)
    UsageFault_Handler                       0x08000d8f   Thumb Code     4  stm32f10x_it.o(.text)
    SVC_Handler                              0x08000d93   Thumb Code     2  stm32f10x_it.o(.text)
    DebugMon_Handler                         0x08000d95   Thumb Code     2  stm32f10x_it.o(.text)
    PendSV_Handler                           0x08000d97   Thumb Code     2  stm32f10x_it.o(.text)
    SysTick_Handler                          0x08000d99   Thumb Code     2  stm32f10x_it.o(.text)
    SystemInit                               0x08000e7b   Thumb Code    78  system_stm32f10x.o(.text)
    SystemCoreClockUpdate                    0x08000ec9   Thumb Code   142  system_stm32f10x.o(.text)
    AT24CXX_Init                             0x08000f7d   Thumb Code     8  24cxx.o(.text)
    AT24CXX_ReadOneByte                      0x08000f85   Thumb Code    84  24cxx.o(.text)
    AT24CXX_WriteOneByte                     0x08000fd9   Thumb Code    78  24cxx.o(.text)
    AT24CXX_WriteLenByte                     0x08001027   Thumb Code    42  24cxx.o(.text)
    AT24CXX_ReadLenByte                      0x08001051   Thumb Code    44  24cxx.o(.text)
    AT24CXX_Check                            0x0800107d   Thumb Code    46  24cxx.o(.text)
    AT24CXX_Read                             0x080010ab   Thumb Code    34  24cxx.o(.text)
    AT24CXX_Write                            0x080010cd   Thumb Code    36  24cxx.o(.text)
    IIC_Init                                 0x080010f1   Thumb Code    50  myiic.o(.text)
    IIC_Start                                0x08001123   Thumb Code    68  myiic.o(.text)
    IIC_Stop                                 0x08001167   Thumb Code    70  myiic.o(.text)
    IIC_Wait_Ack                             0x080011ad   Thumb Code    90  myiic.o(.text)
    IIC_Ack                                  0x08001207   Thumb Code    74  myiic.o(.text)
    IIC_NAck                                 0x08001251   Thumb Code    74  myiic.o(.text)
    IIC_Send_Byte                            0x0800129b   Thumb Code   108  myiic.o(.text)
    IIC_Read_Byte                            0x08001307   Thumb Code   104  myiic.o(.text)
    CPU_TS_TmrInit                           0x0800137d   Thumb Code    30  core_delay.o(.text)
    CPU_TS_TmrRd                             0x0800139b   Thumb Code     6  core_delay.o(.text)
    CPU_TS_Tmr_Delay_US                      0x080013a1   Thumb Code    72  core_delay.o(.text)
    DAC_TIM_Config                           0x08001459   Thumb Code    64  bsp_dac.o(.text)
    DAC_Mode_Init                            0x080014e5   Thumb Code    16  bsp_dac.o(.text)
    LED_Init                                 0x08001509   Thumb Code    68  led.o(.text)
    Display                                  0x0800154d   Thumb Code   104  led.o(.text)
    LCD_WriteReg                             0x080015d1   Thumb Code    10  lcd.o(.text)
    LCD_WR_DATA                              0x080015db   Thumb Code     8  lcd.o(.text)
    LCD_WR_REG                               0x080015e3   Thumb Code     6  lcd.o(.text)
    LCD_Fast_DrawPoint                       0x080015e9   Thumb Code   448  lcd.o(.text)
    Chinese_Show_one                         0x080017a9   Thumb Code   176  lcd.o(.text)
    LCD_RD_DATA                              0x08001859   Thumb Code    16  lcd.o(.text)
    LCD_ReadReg                              0x08001869   Thumb Code    22  lcd.o(.text)
    LCD_WriteRAM_Prepare                     0x0800187f   Thumb Code    10  lcd.o(.text)
    LCD_WriteRAM                             0x08001889   Thumb Code     8  lcd.o(.text)
    LCD_BGR2RGB                              0x08001891   Thumb Code    26  lcd.o(.text)
    opt_delay                                0x080018ab   Thumb Code    14  lcd.o(.text)
    LCD_SetCursor                            0x080018b9   Thumb Code   546  lcd.o(.text)
    LCD_ReadPoint                            0x08001adb   Thumb Code   396  lcd.o(.text)
    LCD_DisplayOn                            0x08001c67   Thumb Code   104  lcd.o(.text)
    LCD_DisplayOff                           0x08001ccf   Thumb Code   102  lcd.o(.text)
    LCD_Scan_Dir                             0x08001d35   Thumb Code   762  lcd.o(.text)
    LCD_DrawPoint                            0x0800202f   Thumb Code    28  lcd.o(.text)
    LCD_SSD_BackLightSet                     0x0800204b   Thumb Code    80  lcd.o(.text)
    LCD_Display_Dir                          0x0800209b   Thumb Code   522  lcd.o(.text)
    LCD_Set_Window                           0x080022a5   Thumb Code   540  lcd.o(.text)
    LCD_Clear                                0x080024c1   Thumb Code   100  lcd.o(.text)
    LCD_Init                                 0x08002525   Thumb Code 14688  lcd.o(.text)
    LCD_Fill                                 0x08005e85   Thumb Code   178  lcd.o(.text)
    LCD_Color_Fill                           0x08005f37   Thumb Code   100  lcd.o(.text)
    LCD_DrawLine                             0x08005f9b   Thumb Code   176  lcd.o(.text)
    LCD_DrawRectangle                        0x0800604b   Thumb Code    60  lcd.o(.text)
    LCD_Draw_Circle                          0x08006087   Thumb Code   152  lcd.o(.text)
    LCD_ShowChar                             0x0800611f   Thumb Code   272  lcd.o(.text)
    LCD_Pow                                  0x0800622f   Thumb Code    22  lcd.o(.text)
    LCD_ShowNum                              0x08006245   Thumb Code   148  lcd.o(.text)
    LCD_ShowxNum                             0x080062d9   Thumb Code   220  lcd.o(.text)
    LCD_ShowString                           0x080063b5   Thumb Code   102  lcd.o(.text)
    KEY_Init                                 0x0800641d   Thumb Code    64  key.o(.text)
    keyscan                                  0x0800645d   Thumb Code   160  key.o(.text)
    keyhandle                                0x080064fd   Thumb Code   174  key.o(.text)
    RTC_Get_Week                             0x080065d5   Thumb Code   116  rtc.o(.text)
    Is_Leap_Year                             0x08006649   Thumb Code    58  rtc.o(.text)
    RTC_Get                                  0x08006683   Thumb Code   246  rtc.o(.text)
    RTC_Set                                  0x08006779   Thumb Code   184  rtc.o(.text)
    RTC_Init                                 0x08006831   Thumb Code   192  rtc.o(.text)
    RTC_IRQHandler                           0x080068f1   Thumb Code    76  rtc.o(.text)
    RTC_Alarm_Set                            0x0800693d   Thumb Code   184  rtc.o(.text)
    delay_init                               0x08006a31   Thumb Code    50  delay.o(.text)
    delay_us                                 0x08006a63   Thumb Code    72  delay.o(.text)
    delay_ms                                 0x08006aab   Thumb Code    72  delay.o(.text)
    _sys_exit                                0x08006b05   Thumb Code     4  usart.o(.text)
    fputc                                    0x08006b09   Thumb Code    24  usart.o(.text)
    uart_init                                0x08006b21   Thumb Code   152  usart.o(.text)
    USART1_IRQHandler                        0x08006bb9   Thumb Code   122  usart.o(.text)
    Reset_Handler                            0x08006c45   Thumb Code     8  startup_stm32f10x_hd.o(.text)
    ADC1_2_IRQHandler                        0x08006c5f   Thumb Code     0  startup_stm32f10x_hd.o(.text)
    ADC3_IRQHandler                          0x08006c5f   Thumb Code     0  startup_stm32f10x_hd.o(.text)
    CAN1_RX1_IRQHandler                      0x08006c5f   Thumb Code     0  startup_stm32f10x_hd.o(.text)
    CAN1_SCE_IRQHandler                      0x08006c5f   Thumb Code     0  startup_stm32f10x_hd.o(.text)
    DMA1_Channel1_IRQHandler                 0x08006c5f   Thumb Code     0  startup_stm32f10x_hd.o(.text)
    DMA1_Channel2_IRQHandler                 0x08006c5f   Thumb Code     0  startup_stm32f10x_hd.o(.text)
    DMA1_Channel3_IRQHandler                 0x08006c5f   Thumb Code     0  startup_stm32f10x_hd.o(.text)
    DMA1_Channel4_IRQHandler                 0x08006c5f   Thumb Code     0  startup_stm32f10x_hd.o(.text)
    DMA1_Channel5_IRQHandler                 0x08006c5f   Thumb Code     0  startup_stm32f10x_hd.o(.text)
    DMA1_Channel6_IRQHandler                 0x08006c5f   Thumb Code     0  startup_stm32f10x_hd.o(.text)
    DMA1_Channel7_IRQHandler                 0x08006c5f   Thumb Code     0  startup_stm32f10x_hd.o(.text)
    DMA2_Channel1_IRQHandler                 0x08006c5f   Thumb Code     0  startup_stm32f10x_hd.o(.text)
    DMA2_Channel2_IRQHandler                 0x08006c5f   Thumb Code     0  startup_stm32f10x_hd.o(.text)
    DMA2_Channel3_IRQHandler                 0x08006c5f   Thumb Code     0  startup_stm32f10x_hd.o(.text)
    DMA2_Channel4_5_IRQHandler               0x08006c5f   Thumb Code     0  startup_stm32f10x_hd.o(.text)
    EXTI0_IRQHandler                         0x08006c5f   Thumb Code     0  startup_stm32f10x_hd.o(.text)
    EXTI15_10_IRQHandler                     0x08006c5f   Thumb Code     0  startup_stm32f10x_hd.o(.text)
    EXTI1_IRQHandler                         0x08006c5f   Thumb Code     0  startup_stm32f10x_hd.o(.text)
    EXTI2_IRQHandler                         0x08006c5f   Thumb Code     0  startup_stm32f10x_hd.o(.text)
    EXTI3_IRQHandler                         0x08006c5f   Thumb Code     0  startup_stm32f10x_hd.o(.text)
    EXTI4_IRQHandler                         0x08006c5f   Thumb Code     0  startup_stm32f10x_hd.o(.text)
    EXTI9_5_IRQHandler                       0x08006c5f   Thumb Code     0  startup_stm32f10x_hd.o(.text)
    FLASH_IRQHandler                         0x08006c5f   Thumb Code     0  startup_stm32f10x_hd.o(.text)
    FSMC_IRQHandler                          0x08006c5f   Thumb Code     0  startup_stm32f10x_hd.o(.text)
    I2C1_ER_IRQHandler                       0x08006c5f   Thumb Code     0  startup_stm32f10x_hd.o(.text)
    I2C1_EV_IRQHandler                       0x08006c5f   Thumb Code     0  startup_stm32f10x_hd.o(.text)
    I2C2_ER_IRQHandler                       0x08006c5f   Thumb Code     0  startup_stm32f10x_hd.o(.text)
    I2C2_EV_IRQHandler                       0x08006c5f   Thumb Code     0  startup_stm32f10x_hd.o(.text)
    PVD_IRQHandler                           0x08006c5f   Thumb Code     0  startup_stm32f10x_hd.o(.text)
    RCC_IRQHandler                           0x08006c5f   Thumb Code     0  startup_stm32f10x_hd.o(.text)
    RTCAlarm_IRQHandler                      0x08006c5f   Thumb Code     0  startup_stm32f10x_hd.o(.text)
    SDIO_IRQHandler                          0x08006c5f   Thumb Code     0  startup_stm32f10x_hd.o(.text)
    SPI1_IRQHandler                          0x08006c5f   Thumb Code     0  startup_stm32f10x_hd.o(.text)
    SPI2_IRQHandler                          0x08006c5f   Thumb Code     0  startup_stm32f10x_hd.o(.text)
    SPI3_IRQHandler                          0x08006c5f   Thumb Code     0  startup_stm32f10x_hd.o(.text)
    TAMPER_IRQHandler                        0x08006c5f   Thumb Code     0  startup_stm32f10x_hd.o(.text)
    TIM1_BRK_IRQHandler                      0x08006c5f   Thumb Code     0  startup_stm32f10x_hd.o(.text)
    TIM1_CC_IRQHandler                       0x08006c5f   Thumb Code     0  startup_stm32f10x_hd.o(.text)
    TIM1_TRG_COM_IRQHandler                  0x08006c5f   Thumb Code     0  startup_stm32f10x_hd.o(.text)
    TIM1_UP_IRQHandler                       0x08006c5f   Thumb Code     0  startup_stm32f10x_hd.o(.text)
    TIM2_IRQHandler                          0x08006c5f   Thumb Code     0  startup_stm32f10x_hd.o(.text)
    TIM3_IRQHandler                          0x08006c5f   Thumb Code     0  startup_stm32f10x_hd.o(.text)
    TIM5_IRQHandler                          0x08006c5f   Thumb Code     0  startup_stm32f10x_hd.o(.text)
    TIM6_IRQHandler                          0x08006c5f   Thumb Code     0  startup_stm32f10x_hd.o(.text)
    TIM7_IRQHandler                          0x08006c5f   Thumb Code     0  startup_stm32f10x_hd.o(.text)
    TIM8_BRK_IRQHandler                      0x08006c5f   Thumb Code     0  startup_stm32f10x_hd.o(.text)
    TIM8_CC_IRQHandler                       0x08006c5f   Thumb Code     0  startup_stm32f10x_hd.o(.text)
    TIM8_TRG_COM_IRQHandler                  0x08006c5f   Thumb Code     0  startup_stm32f10x_hd.o(.text)
    TIM8_UP_IRQHandler                       0x08006c5f   Thumb Code     0  startup_stm32f10x_hd.o(.text)
    UART4_IRQHandler                         0x08006c5f   Thumb Code     0  startup_stm32f10x_hd.o(.text)
    UART5_IRQHandler                         0x08006c5f   Thumb Code     0  startup_stm32f10x_hd.o(.text)
    USART2_IRQHandler                        0x08006c5f   Thumb Code     0  startup_stm32f10x_hd.o(.text)
    USART3_IRQHandler                        0x08006c5f   Thumb Code     0  startup_stm32f10x_hd.o(.text)
    USBWakeUp_IRQHandler                     0x08006c5f   Thumb Code     0  startup_stm32f10x_hd.o(.text)
    USB_HP_CAN1_TX_IRQHandler                0x08006c5f   Thumb Code     0  startup_stm32f10x_hd.o(.text)
    USB_LP_CAN1_RX0_IRQHandler               0x08006c5f   Thumb Code     0  startup_stm32f10x_hd.o(.text)
    WWDG_IRQHandler                          0x08006c5f   Thumb Code     0  startup_stm32f10x_hd.o(.text)
    __user_initial_stackheap                 0x08006c61   Thumb Code     0  startup_stm32f10x_hd.o(.text)
    NVIC_PriorityGroupConfig                 0x08006c85   Thumb Code    10  misc.o(.text)
    NVIC_Init                                0x08006c8f   Thumb Code   100  misc.o(.text)
    NVIC_SetVectorTable                      0x08006cf3   Thumb Code    14  misc.o(.text)
    NVIC_SystemLPConfig                      0x08006d01   Thumb Code    34  misc.o(.text)
    SysTick_CLKSourceConfig                  0x08006d23   Thumb Code    40  misc.o(.text)
    FSMC_NORSRAMDeInit                       0x08006d61   Thumb Code    54  stm32f10x_fsmc.o(.text)
    FSMC_NANDDeInit                          0x08006d97   Thumb Code    62  stm32f10x_fsmc.o(.text)
    FSMC_PCCARDDeInit                        0x08006dd5   Thumb Code    36  stm32f10x_fsmc.o(.text)
    FSMC_NORSRAMInit                         0x08006df9   Thumb Code   230  stm32f10x_fsmc.o(.text)
    FSMC_NANDInit                            0x08006edf   Thumb Code   132  stm32f10x_fsmc.o(.text)
    FSMC_PCCARDInit                          0x08006f63   Thumb Code   130  stm32f10x_fsmc.o(.text)
    FSMC_NORSRAMStructInit                   0x08006fe5   Thumb Code   114  stm32f10x_fsmc.o(.text)
    FSMC_NANDStructInit                      0x08007057   Thumb Code    54  stm32f10x_fsmc.o(.text)
    FSMC_PCCARDStructInit                    0x0800708d   Thumb Code    60  stm32f10x_fsmc.o(.text)
    FSMC_NORSRAMCmd                          0x080070c9   Thumb Code    46  stm32f10x_fsmc.o(.text)
    FSMC_NANDCmd                             0x080070f7   Thumb Code    86  stm32f10x_fsmc.o(.text)
    FSMC_PCCARDCmd                           0x0800714d   Thumb Code    44  stm32f10x_fsmc.o(.text)
    FSMC_NANDECCCmd                          0x08007179   Thumb Code    90  stm32f10x_fsmc.o(.text)
    FSMC_GetECC                              0x080071d3   Thumb Code    24  stm32f10x_fsmc.o(.text)
    FSMC_ITConfig                            0x080071eb   Thumb Code   128  stm32f10x_fsmc.o(.text)
    FSMC_GetFlagStatus                       0x0800726b   Thumb Code    54  stm32f10x_fsmc.o(.text)
    FSMC_ClearFlag                           0x080072a1   Thumb Code    62  stm32f10x_fsmc.o(.text)
    FSMC_GetITStatus                         0x080072df   Thumb Code    64  stm32f10x_fsmc.o(.text)
    FSMC_ClearITPendingBit                   0x0800731f   Thumb Code    68  stm32f10x_fsmc.o(.text)
    GPIO_DeInit                              0x0800736d   Thumb Code   172  stm32f10x_gpio.o(.text)
    GPIO_AFIODeInit                          0x08007419   Thumb Code    20  stm32f10x_gpio.o(.text)
    GPIO_Init                                0x0800742d   Thumb Code   278  stm32f10x_gpio.o(.text)
    GPIO_StructInit                          0x08007543   Thumb Code    16  stm32f10x_gpio.o(.text)
    GPIO_ReadInputDataBit                    0x08007553   Thumb Code    18  stm32f10x_gpio.o(.text)
    GPIO_ReadInputData                       0x08007565   Thumb Code     8  stm32f10x_gpio.o(.text)
    GPIO_ReadOutputDataBit                   0x0800756d   Thumb Code    18  stm32f10x_gpio.o(.text)
    GPIO_ReadOutputData                      0x0800757f   Thumb Code     8  stm32f10x_gpio.o(.text)
    GPIO_SetBits                             0x08007587   Thumb Code     4  stm32f10x_gpio.o(.text)
    GPIO_ResetBits                           0x0800758b   Thumb Code     4  stm32f10x_gpio.o(.text)
    GPIO_WriteBit                            0x0800758f   Thumb Code    10  stm32f10x_gpio.o(.text)
    GPIO_Write                               0x08007599   Thumb Code     4  stm32f10x_gpio.o(.text)
    GPIO_PinLockConfig                       0x0800759d   Thumb Code    18  stm32f10x_gpio.o(.text)
    GPIO_EventOutputConfig                   0x080075af   Thumb Code    26  stm32f10x_gpio.o(.text)
    GPIO_EventOutputCmd                      0x080075c9   Thumb Code     6  stm32f10x_gpio.o(.text)
    GPIO_PinRemapConfig                      0x080075cf   Thumb Code   138  stm32f10x_gpio.o(.text)
    GPIO_EXTILineConfig                      0x08007659   Thumb Code    66  stm32f10x_gpio.o(.text)
    GPIO_ETH_MediaInterfaceConfig            0x0800769b   Thumb Code     8  stm32f10x_gpio.o(.text)
    RCC_DeInit                               0x080076c9   Thumb Code    64  stm32f10x_rcc.o(.text)
    RCC_HSEConfig                            0x08007709   Thumb Code    70  stm32f10x_rcc.o(.text)
    RCC_GetFlagStatus                        0x0800774f   Thumb Code    56  stm32f10x_rcc.o(.text)
    RCC_WaitForHSEStartUp                    0x08007787   Thumb Code    56  stm32f10x_rcc.o(.text)
    RCC_AdjustHSICalibrationValue            0x080077bf   Thumb Code    20  stm32f10x_rcc.o(.text)
    RCC_HSICmd                               0x080077d3   Thumb Code     6  stm32f10x_rcc.o(.text)
    RCC_PLLConfig                            0x080077d9   Thumb Code    24  stm32f10x_rcc.o(.text)
    RCC_PLLCmd                               0x080077f1   Thumb Code     6  stm32f10x_rcc.o(.text)
    RCC_SYSCLKConfig                         0x080077f7   Thumb Code    18  stm32f10x_rcc.o(.text)
    RCC_GetSYSCLKSource                      0x08007809   Thumb Code    10  stm32f10x_rcc.o(.text)
    RCC_HCLKConfig                           0x08007813   Thumb Code    18  stm32f10x_rcc.o(.text)
    RCC_PCLK1Config                          0x08007825   Thumb Code    18  stm32f10x_rcc.o(.text)
    RCC_PCLK2Config                          0x08007837   Thumb Code    20  stm32f10x_rcc.o(.text)
    RCC_ITConfig                             0x0800784b   Thumb Code    26  stm32f10x_rcc.o(.text)
    RCC_USBCLKConfig                         0x08007865   Thumb Code     8  stm32f10x_rcc.o(.text)
    RCC_ADCCLKConfig                         0x0800786d   Thumb Code    18  stm32f10x_rcc.o(.text)
    RCC_LSEConfig                            0x0800787f   Thumb Code    50  stm32f10x_rcc.o(.text)
    RCC_LSICmd                               0x080078b1   Thumb Code     6  stm32f10x_rcc.o(.text)
    RCC_RTCCLKConfig                         0x080078b7   Thumb Code    12  stm32f10x_rcc.o(.text)
    RCC_RTCCLKCmd                            0x080078c3   Thumb Code     8  stm32f10x_rcc.o(.text)
    RCC_GetClocksFreq                        0x080078cb   Thumb Code   192  stm32f10x_rcc.o(.text)
    RCC_AHBPeriphClockCmd                    0x0800798b   Thumb Code    26  stm32f10x_rcc.o(.text)
    RCC_APB2PeriphClockCmd                   0x080079a5   Thumb Code    26  stm32f10x_rcc.o(.text)
    RCC_APB1PeriphClockCmd                   0x080079bf   Thumb Code    26  stm32f10x_rcc.o(.text)
    RCC_APB2PeriphResetCmd                   0x080079d9   Thumb Code    26  stm32f10x_rcc.o(.text)
    RCC_APB1PeriphResetCmd                   0x080079f3   Thumb Code    26  stm32f10x_rcc.o(.text)
    RCC_BackupResetCmd                       0x08007a0d   Thumb Code     8  stm32f10x_rcc.o(.text)
    RCC_ClockSecuritySystemCmd               0x08007a15   Thumb Code     6  stm32f10x_rcc.o(.text)
    RCC_MCOConfig                            0x08007a1b   Thumb Code     6  stm32f10x_rcc.o(.text)
    RCC_ClearFlag                            0x08007a21   Thumb Code    14  stm32f10x_rcc.o(.text)
    RCC_GetITStatus                          0x08007a2f   Thumb Code    20  stm32f10x_rcc.o(.text)
    RCC_ClearITPendingBit                    0x08007a43   Thumb Code     6  stm32f10x_rcc.o(.text)
    USART_DeInit                             0x08007a6d   Thumb Code   134  stm32f10x_usart.o(.text)
    USART_Init                               0x08007af3   Thumb Code   210  stm32f10x_usart.o(.text)
    USART_StructInit                         0x08007bc5   Thumb Code    24  stm32f10x_usart.o(.text)
    USART_ClockInit                          0x08007bdd   Thumb Code    34  stm32f10x_usart.o(.text)
    USART_ClockStructInit                    0x08007bff   Thumb Code    12  stm32f10x_usart.o(.text)
    USART_Cmd                                0x08007c0b   Thumb Code    24  stm32f10x_usart.o(.text)
    USART_ITConfig                           0x08007c23   Thumb Code    74  stm32f10x_usart.o(.text)
    USART_DMACmd                             0x08007c6d   Thumb Code    18  stm32f10x_usart.o(.text)
    USART_SetAddress                         0x08007c7f   Thumb Code    18  stm32f10x_usart.o(.text)
    USART_WakeUpConfig                       0x08007c91   Thumb Code    18  stm32f10x_usart.o(.text)
    USART_ReceiverWakeUpCmd                  0x08007ca3   Thumb Code    24  stm32f10x_usart.o(.text)
    USART_LINBreakDetectLengthConfig         0x08007cbb   Thumb Code    18  stm32f10x_usart.o(.text)
    USART_LINCmd                             0x08007ccd   Thumb Code    24  stm32f10x_usart.o(.text)
    USART_SendData                           0x08007ce5   Thumb Code     8  stm32f10x_usart.o(.text)
    USART_ReceiveData                        0x08007ced   Thumb Code    10  stm32f10x_usart.o(.text)
    USART_SendBreak                          0x08007cf7   Thumb Code    10  stm32f10x_usart.o(.text)
    USART_SetGuardTime                       0x08007d01   Thumb Code    16  stm32f10x_usart.o(.text)
    USART_SetPrescaler                       0x08007d11   Thumb Code    16  stm32f10x_usart.o(.text)
    USART_SmartCardCmd                       0x08007d21   Thumb Code    24  stm32f10x_usart.o(.text)
    USART_SmartCardNACKCmd                   0x08007d39   Thumb Code    24  stm32f10x_usart.o(.text)
    USART_HalfDuplexCmd                      0x08007d51   Thumb Code    24  stm32f10x_usart.o(.text)
    USART_OverSampling8Cmd                   0x08007d69   Thumb Code    22  stm32f10x_usart.o(.text)
    USART_OneBitMethodCmd                    0x08007d7f   Thumb Code    24  stm32f10x_usart.o(.text)
    USART_IrDAConfig                         0x08007d97   Thumb Code    18  stm32f10x_usart.o(.text)
    USART_IrDACmd                            0x08007da9   Thumb Code    24  stm32f10x_usart.o(.text)
    USART_GetFlagStatus                      0x08007dc1   Thumb Code    26  stm32f10x_usart.o(.text)
    USART_ClearFlag                          0x08007ddb   Thumb Code    18  stm32f10x_usart.o(.text)
    USART_GetITStatus                        0x08007ded   Thumb Code    84  stm32f10x_usart.o(.text)
    USART_ClearITPendingBit                  0x08007e41   Thumb Code    52  stm32f10x_usart.o(.text)
    BKP_DeInit                               0x08007e75   Thumb Code    16  stm32f10x_bkp.o(.text)
    BKP_TamperPinLevelConfig                 0x08007e85   Thumb Code     6  stm32f10x_bkp.o(.text)
    BKP_TamperPinCmd                         0x08007e8b   Thumb Code     8  stm32f10x_bkp.o(.text)
    BKP_ITConfig                             0x08007e93   Thumb Code     8  stm32f10x_bkp.o(.text)
    BKP_RTCOutputConfig                      0x08007e9b   Thumb Code    22  stm32f10x_bkp.o(.text)
    BKP_SetRTCCalibrationValue               0x08007eb1   Thumb Code    22  stm32f10x_bkp.o(.text)
    BKP_WriteBackupRegister                  0x08007ec7   Thumb Code    24  stm32f10x_bkp.o(.text)
    BKP_ReadBackupRegister                   0x08007edf   Thumb Code    26  stm32f10x_bkp.o(.text)
    BKP_GetFlagStatus                        0x08007ef9   Thumb Code    10  stm32f10x_bkp.o(.text)
    BKP_ClearFlag                            0x08007f03   Thumb Code    18  stm32f10x_bkp.o(.text)
    BKP_GetITStatus                          0x08007f15   Thumb Code    10  stm32f10x_bkp.o(.text)
    BKP_ClearITPendingBit                    0x08007f1f   Thumb Code    18  stm32f10x_bkp.o(.text)
    DAC_DeInit                               0x08007f39   Thumb Code    22  stm32f10x_dac.o(.text)
    DAC_Init                                 0x08007f4f   Thumb Code    46  stm32f10x_dac.o(.text)
    DAC_StructInit                           0x08007f7d   Thumb Code    12  stm32f10x_dac.o(.text)
    DAC_Cmd                                  0x08007f89   Thumb Code    34  stm32f10x_dac.o(.text)
    DAC_DMACmd                               0x08007fab   Thumb Code    38  stm32f10x_dac.o(.text)
    DAC_SoftwareTriggerCmd                   0x08007fd1   Thumb Code    48  stm32f10x_dac.o(.text)
    DAC_DualSoftwareTriggerCmd               0x08008001   Thumb Code    38  stm32f10x_dac.o(.text)
    DAC_WaveGenerationCmd                    0x08008027   Thumb Code    36  stm32f10x_dac.o(.text)
    DAC_SetChannel1Data                      0x0800804b   Thumb Code    26  stm32f10x_dac.o(.text)
    DAC_SetChannel2Data                      0x08008065   Thumb Code    26  stm32f10x_dac.o(.text)
    DAC_SetDualChannelData                   0x0800807f   Thumb Code    32  stm32f10x_dac.o(.text)
    DAC_GetDataOutputValue                   0x0800809f   Thumb Code    32  stm32f10x_dac.o(.text)
    DMA_DeInit                               0x080080c5   Thumb Code   324  stm32f10x_dma.o(.text)
    DMA_Init                                 0x08008209   Thumb Code    60  stm32f10x_dma.o(.text)
    DMA_StructInit                           0x08008245   Thumb Code    26  stm32f10x_dma.o(.text)
    DMA_Cmd                                  0x0800825f   Thumb Code    24  stm32f10x_dma.o(.text)
    DMA_ITConfig                             0x08008277   Thumb Code    18  stm32f10x_dma.o(.text)
    DMA_SetCurrDataCounter                   0x08008289   Thumb Code     4  stm32f10x_dma.o(.text)
    DMA_GetCurrDataCounter                   0x0800828d   Thumb Code     8  stm32f10x_dma.o(.text)
    DMA_GetFlagStatus                        0x08008295   Thumb Code    40  stm32f10x_dma.o(.text)
    DMA_ClearFlag                            0x080082bd   Thumb Code    22  stm32f10x_dma.o(.text)
    DMA_GetITStatus                          0x080082d3   Thumb Code    40  stm32f10x_dma.o(.text)
    DMA_ClearITPendingBit                    0x080082fb   Thumb Code    22  stm32f10x_dma.o(.text)
    PWR_DeInit                               0x08008319   Thumb Code    22  stm32f10x_pwr.o(.text)
    PWR_BackupAccessCmd                      0x0800832f   Thumb Code     6  stm32f10x_pwr.o(.text)
    PWR_PVDCmd                               0x08008335   Thumb Code     6  stm32f10x_pwr.o(.text)
    PWR_PVDLevelConfig                       0x0800833b   Thumb Code    18  stm32f10x_pwr.o(.text)
    PWR_WakeUpPinCmd                         0x0800834d   Thumb Code     8  stm32f10x_pwr.o(.text)
    PWR_EnterSTOPMode                        0x08008355   Thumb Code    54  stm32f10x_pwr.o(.text)
    PWR_EnterSTANDBYMode                     0x0800838b   Thumb Code    42  stm32f10x_pwr.o(.text)
    PWR_GetFlagStatus                        0x080083b5   Thumb Code    20  stm32f10x_pwr.o(.text)
    PWR_ClearFlag                            0x080083c9   Thumb Code    14  stm32f10x_pwr.o(.text)
    RTC_ITConfig                             0x080083e5   Thumb Code    26  stm32f10x_rtc.o(.text)
    RTC_EnterConfigMode                      0x080083ff   Thumb Code    18  stm32f10x_rtc.o(.text)
    RTC_ExitConfigMode                       0x08008411   Thumb Code    20  stm32f10x_rtc.o(.text)
    RTC_GetCounter                           0x08008425   Thumb Code    18  stm32f10x_rtc.o(.text)
    RTC_SetCounter                           0x08008437   Thumb Code    26  stm32f10x_rtc.o(.text)
    RTC_SetPrescaler                         0x08008451   Thumb Code    28  stm32f10x_rtc.o(.text)
    RTC_SetAlarm                             0x0800846d   Thumb Code    26  stm32f10x_rtc.o(.text)
    RTC_GetDivider                           0x08008487   Thumb Code    22  stm32f10x_rtc.o(.text)
    RTC_WaitForLastTask                      0x0800849d   Thumb Code    18  stm32f10x_rtc.o(.text)
    RTC_WaitForSynchro                       0x080084af   Thumb Code    36  stm32f10x_rtc.o(.text)
    RTC_GetFlagStatus                        0x080084d3   Thumb Code    22  stm32f10x_rtc.o(.text)
    RTC_ClearFlag                            0x080084e9   Thumb Code    16  stm32f10x_rtc.o(.text)
    RTC_GetITStatus                          0x080084f9   Thumb Code    32  stm32f10x_rtc.o(.text)
    RTC_ClearITPendingBit                    0x08008519   Thumb Code    16  stm32f10x_rtc.o(.text)
    TIM_DeInit                               0x0800852d   Thumb Code   424  stm32f10x_tim.o(.text)
    TIM_TimeBaseInit                         0x080086d5   Thumb Code   122  stm32f10x_tim.o(.text)
    TIM_OC1Init                              0x0800874f   Thumb Code   132  stm32f10x_tim.o(.text)
    TIM_OC2Init                              0x080087d3   Thumb Code   154  stm32f10x_tim.o(.text)
    TIM_OC3Init                              0x0800886d   Thumb Code   150  stm32f10x_tim.o(.text)
    TIM_OC4Init                              0x08008903   Thumb Code   182  stm32f10x_tim.o(.text)
    TIM_SetIC4Prescaler                      0x080089b9   Thumb Code    26  stm32f10x_tim.o(.text)
    TIM_SetIC3Prescaler                      0x08008a55   Thumb Code    18  stm32f10x_tim.o(.text)
    TIM_SetIC2Prescaler                      0x08008ae1   Thumb Code    26  stm32f10x_tim.o(.text)
    TIM_SetIC1Prescaler                      0x08008b7d   Thumb Code    18  stm32f10x_tim.o(.text)
    TIM_ICInit                               0x08008bfb   Thumb Code   150  stm32f10x_tim.o(.text)
    TIM_PWMIConfig                           0x08008c91   Thumb Code   124  stm32f10x_tim.o(.text)
    TIM_BDTRConfig                           0x08008d0d   Thumb Code    32  stm32f10x_tim.o(.text)
    TIM_TimeBaseStructInit                   0x08008d2d   Thumb Code    18  stm32f10x_tim.o(.text)
    TIM_OCStructInit                         0x08008d3f   Thumb Code    20  stm32f10x_tim.o(.text)
    TIM_ICStructInit                         0x08008d53   Thumb Code    18  stm32f10x_tim.o(.text)
    TIM_BDTRStructInit                       0x08008d65   Thumb Code    40  stm32f10x_tim.o(.text)
    TIM_Cmd                                  0x08008d8d   Thumb Code    24  stm32f10x_tim.o(.text)
    TIM_CtrlPWMOutputs                       0x08008da5   Thumb Code    30  stm32f10x_tim.o(.text)
    TIM_ITConfig                             0x08008dc3   Thumb Code    18  stm32f10x_tim.o(.text)
    TIM_GenerateEvent                        0x08008dd5   Thumb Code     4  stm32f10x_tim.o(.text)
    TIM_DMAConfig                            0x08008dd9   Thumb Code    10  stm32f10x_tim.o(.text)
    TIM_DMACmd                               0x08008de3   Thumb Code    18  stm32f10x_tim.o(.text)
    TIM_InternalClockConfig                  0x08008df5   Thumb Code    12  stm32f10x_tim.o(.text)
    TIM_SelectInputTrigger                   0x08008e01   Thumb Code    18  stm32f10x_tim.o(.text)
    TIM_ITRxExternalClockConfig              0x08008e13   Thumb Code    24  stm32f10x_tim.o(.text)
    TIM_TIxExternalClockConfig               0x08008e2b   Thumb Code    62  stm32f10x_tim.o(.text)
    TIM_ETRConfig                            0x08008e69   Thumb Code    28  stm32f10x_tim.o(.text)
    TIM_ETRClockMode1Config                  0x08008e85   Thumb Code    54  stm32f10x_tim.o(.text)
    TIM_ETRClockMode2Config                  0x08008ebb   Thumb Code    32  stm32f10x_tim.o(.text)
    TIM_PrescalerConfig                      0x08008edb   Thumb Code     6  stm32f10x_tim.o(.text)
    TIM_CounterModeConfig                    0x08008ee1   Thumb Code    18  stm32f10x_tim.o(.text)
    TIM_EncoderInterfaceConfig               0x08008ef3   Thumb Code    66  stm32f10x_tim.o(.text)
    TIM_ForcedOC1Config                      0x08008f35   Thumb Code    18  stm32f10x_tim.o(.text)
    TIM_ForcedOC2Config                      0x08008f47   Thumb Code    26  stm32f10x_tim.o(.text)
    TIM_ForcedOC3Config                      0x08008f61   Thumb Code    18  stm32f10x_tim.o(.text)
    TIM_ForcedOC4Config                      0x08008f73   Thumb Code    26  stm32f10x_tim.o(.text)
    TIM_ARRPreloadConfig                     0x08008f8d   Thumb Code    24  stm32f10x_tim.o(.text)
    TIM_SelectCOM                            0x08008fa5   Thumb Code    24  stm32f10x_tim.o(.text)
    TIM_SelectCCDMA                          0x08008fbd   Thumb Code    24  stm32f10x_tim.o(.text)
    TIM_CCPreloadControl                     0x08008fd5   Thumb Code    24  stm32f10x_tim.o(.text)
    TIM_OC1PreloadConfig                     0x08008fed   Thumb Code    18  stm32f10x_tim.o(.text)
    TIM_OC2PreloadConfig                     0x08008fff   Thumb Code    26  stm32f10x_tim.o(.text)
    TIM_OC3PreloadConfig                     0x08009019   Thumb Code    18  stm32f10x_tim.o(.text)
    TIM_OC4PreloadConfig                     0x0800902b   Thumb Code    26  stm32f10x_tim.o(.text)
    TIM_OC1FastConfig                        0x08009045   Thumb Code    18  stm32f10x_tim.o(.text)
    TIM_OC2FastConfig                        0x08009057   Thumb Code    26  stm32f10x_tim.o(.text)
    TIM_OC3FastConfig                        0x08009071   Thumb Code    18  stm32f10x_tim.o(.text)
    TIM_OC4FastConfig                        0x08009083   Thumb Code    26  stm32f10x_tim.o(.text)
    TIM_ClearOC1Ref                          0x0800909d   Thumb Code    18  stm32f10x_tim.o(.text)
    TIM_ClearOC2Ref                          0x080090af   Thumb Code    24  stm32f10x_tim.o(.text)
    TIM_ClearOC3Ref                          0x080090c7   Thumb Code    18  stm32f10x_tim.o(.text)
    TIM_ClearOC4Ref                          0x080090d9   Thumb Code    24  stm32f10x_tim.o(.text)
    TIM_OC1PolarityConfig                    0x080090f1   Thumb Code    18  stm32f10x_tim.o(.text)
    TIM_OC1NPolarityConfig                   0x08009103   Thumb Code    18  stm32f10x_tim.o(.text)
    TIM_OC2PolarityConfig                    0x08009115   Thumb Code    26  stm32f10x_tim.o(.text)
    TIM_OC2NPolarityConfig                   0x0800912f   Thumb Code    26  stm32f10x_tim.o(.text)
    TIM_OC3PolarityConfig                    0x08009149   Thumb Code    26  stm32f10x_tim.o(.text)
    TIM_OC3NPolarityConfig                   0x08009163   Thumb Code    26  stm32f10x_tim.o(.text)
    TIM_OC4PolarityConfig                    0x0800917d   Thumb Code    26  stm32f10x_tim.o(.text)
    TIM_CCxCmd                               0x08009197   Thumb Code    30  stm32f10x_tim.o(.text)
    TIM_CCxNCmd                              0x080091b5   Thumb Code    30  stm32f10x_tim.o(.text)
    TIM_SelectOCxM                           0x080091d3   Thumb Code    82  stm32f10x_tim.o(.text)
    TIM_UpdateDisableConfig                  0x08009225   Thumb Code    24  stm32f10x_tim.o(.text)
    TIM_UpdateRequestConfig                  0x0800923d   Thumb Code    24  stm32f10x_tim.o(.text)
    TIM_SelectHallSensor                     0x08009255   Thumb Code    24  stm32f10x_tim.o(.text)
    TIM_SelectOnePulseMode                   0x0800926d   Thumb Code    18  stm32f10x_tim.o(.text)
    TIM_SelectOutputTrigger                  0x0800927f   Thumb Code    18  stm32f10x_tim.o(.text)
    TIM_SelectSlaveMode                      0x08009291   Thumb Code    18  stm32f10x_tim.o(.text)
    TIM_SelectMasterSlaveMode                0x080092a3   Thumb Code    18  stm32f10x_tim.o(.text)
    TIM_SetCounter                           0x080092b5   Thumb Code     4  stm32f10x_tim.o(.text)
    TIM_SetAutoreload                        0x080092b9   Thumb Code     4  stm32f10x_tim.o(.text)
    TIM_SetCompare1                          0x080092bd   Thumb Code     4  stm32f10x_tim.o(.text)
    TIM_SetCompare2                          0x080092c1   Thumb Code     4  stm32f10x_tim.o(.text)
    TIM_SetCompare3                          0x080092c5   Thumb Code     4  stm32f10x_tim.o(.text)
    TIM_SetCompare4                          0x080092c9   Thumb Code     6  stm32f10x_tim.o(.text)
    TIM_SetClockDivision                     0x080092cf   Thumb Code    18  stm32f10x_tim.o(.text)
    TIM_GetCapture1                          0x080092e1   Thumb Code     6  stm32f10x_tim.o(.text)
    TIM_GetCapture2                          0x080092e7   Thumb Code     6  stm32f10x_tim.o(.text)
    TIM_GetCapture3                          0x080092ed   Thumb Code     6  stm32f10x_tim.o(.text)
    TIM_GetCapture4                          0x080092f3   Thumb Code     8  stm32f10x_tim.o(.text)
    TIM_GetCounter                           0x080092fb   Thumb Code     6  stm32f10x_tim.o(.text)
    TIM_GetPrescaler                         0x08009301   Thumb Code     6  stm32f10x_tim.o(.text)
    TIM_GetFlagStatus                        0x08009307   Thumb Code    18  stm32f10x_tim.o(.text)
    TIM_ClearFlag                            0x08009319   Thumb Code     6  stm32f10x_tim.o(.text)
    TIM_GetITStatus                          0x0800931f   Thumb Code    34  stm32f10x_tim.o(.text)
    TIM_ClearITPendingBit                    0x08009341   Thumb Code     6  stm32f10x_tim.o(.text)
    usmart_sys_cmd_exe                       0x08009349   Thumb Code  1554  usmart.o(.text)
    usmart_reset_runtime                     0x0800995b   Thumb Code    38  usmart.o(.text)
    usmart_get_runtime                       0x08009981   Thumb Code    60  usmart.o(.text)
    TIM4_IRQHandler                          0x080099bd   Thumb Code    46  usmart.o(.text)
    Timer4_Init                              0x080099eb   Thumb Code    88  usmart.o(.text)
    usmart_init                              0x08009a43   Thumb Code    36  usmart.o(.text)
    usmart_cmd_rec                           0x08009a67   Thumb Code   170  usmart.o(.text)
    usmart_exe                               0x08009b11   Thumb Code   870  usmart.o(.text)
    usmart_scan                              0x08009e77   Thumb Code   120  usmart.o(.text)
    read_addr                                0x08009eef   Thumb Code     6  usmart.o(.text)
    write_addr                               0x08009ef5   Thumb Code     4  usmart.o(.text)
    usmart_strcmp                            0x08009f81   Thumb Code    34  usmart_str.o(.text)
    usmart_strcopy                           0x08009fa3   Thumb Code    22  usmart_str.o(.text)
    usmart_strlen                            0x08009fb9   Thumb Code    24  usmart_str.o(.text)
    usmart_pow                               0x08009fd1   Thumb Code    22  usmart_str.o(.text)
    usmart_str2num                           0x08009fe7   Thumb Code   202  usmart_str.o(.text)
    usmart_get_cmdname                       0x0800a0b1   Thumb Code    54  usmart_str.o(.text)
    usmart_search_nextc                      0x0800a0e7   Thumb Code    22  usmart_str.o(.text)
    usmart_get_fname                         0x0800a0fd   Thumb Code   440  usmart_str.o(.text)
    usmart_get_aparm                         0x0800a2b5   Thumb Code   200  usmart_str.o(.text)
    usmart_get_parmpos                       0x0800a37d   Thumb Code    26  usmart_str.o(.text)
    usmart_get_fparam                        0x0800a397   Thumb Code   262  usmart_str.o(.text)
    __use_no_semihosting                     0x0800a4a9   Thumb Code     2  use_no_semi_2.o(.text)
    __2printf                                0x0800a4ad   Thumb Code    20  noretval__2printf.o(.text)
    _printf_pre_padding                      0x0800a4c5   Thumb Code    44  _printf_pad.o(.text)
    _printf_post_padding                     0x0800a4f1   Thumb Code    34  _printf_pad.o(.text)
    _printf_str                              0x0800a513   Thumb Code    82  _printf_str.o(.text)
    _printf_int_dec                          0x0800a565   Thumb Code   104  _printf_dec.o(.text)
    _printf_int_hex                          0x0800a5dd   Thumb Code    84  _printf_hex_int.o(.text)
    _printf_longlong_hex                     0x0800a5dd   Thumb Code     0  _printf_hex_int.o(.text)
    __printf                                 0x0800a635   Thumb Code   388  __printf_flags_ss_wp.o(.text)
    __use_two_region_memory                  0x0800a7bd   Thumb Code     2  heapauxi.o(.text)
    __rt_heap_escrow$2region                 0x0800a7bf   Thumb Code     2  heapauxi.o(.text)
    __rt_heap_expand$2region                 0x0800a7c1   Thumb Code     2  heapauxi.o(.text)
    __I$use$semihosting                      0x0800a7c3   Thumb Code     0  use_no_semi.o(.text)
    __use_no_semihosting_swi                 0x0800a7c3   Thumb Code     2  use_no_semi.o(.text)
    _printf_int_common                       0x0800a7c5   Thumb Code   178  _printf_intcommon.o(.text)
    _printf_cs_common                        0x0800a877   Thumb Code    20  _printf_char.o(.text)
    _printf_char                             0x0800a88b   Thumb Code    16  _printf_char.o(.text)
    _printf_string                           0x0800a89b   Thumb Code     8  _printf_char.o(.text)
    _printf_char_file                        0x0800a8a5   Thumb Code    32  _printf_char_file.o(.text)
    _printf_char_common                      0x0800a8d3   Thumb Code    32  _printf_char_common.o(.text)
    ferror                                   0x0800a8f9   Thumb Code     8  ferror.o(.text)
    __user_setup_stackheap                   0x0800a901   Thumb Code    74  sys_stackheap_outer.o(.text)
    exit                                     0x0800a94b   Thumb Code    18  exit.o(.text)
    __user_libspace                          0x0800a95d   Thumb Code     8  libspace.o(.text)
    __user_perproc_libspace                  0x0800a95d   Thumb Code     0  libspace.o(.text)
    __user_perthread_libspace                0x0800a95d   Thumb Code     0  libspace.o(.text)
    _is_digit                                0x0800a965   Thumb Code    14  __printf_wp.o(i._is_digit)
    __aeabi_d2uiz                            0x0800a975   Thumb Code     0  dfixu.o(x$fpl$dfixu)
    _dfixu                                   0x0800a975   Thumb Code    90  dfixu.o(x$fpl$dfixu)
    __aeabi_ui2d                             0x0800a9cf   Thumb Code     0  dflt_clz.o(x$fpl$dfltu)
    _dfltu                                   0x0800a9cf   Thumb Code    38  dflt_clz.o(x$fpl$dfltu)
    __aeabi_dmul                             0x0800a9f5   Thumb Code     0  dmul.o(x$fpl$dmul)
    _dmul                                    0x0800a9f5   Thumb Code   332  dmul.o(x$fpl$dmul)
    __fpl_dnaninf                            0x0800ab49   Thumb Code   156  dnaninf.o(x$fpl$dnaninf)
    __fpl_dretinf                            0x0800abe5   Thumb Code    12  dretinf.o(x$fpl$dretinf)
    __aeabi_fadd                             0x0800abf1   Thumb Code     0  faddsub_clz.o(x$fpl$fadd)
    _fadd                                    0x0800abf1   Thumb Code   196  faddsub_clz.o(x$fpl$fadd)
    __fpl_fcmp_Inf                           0x0800acb5   Thumb Code    24  fcmpi.o(x$fpl$fcmpinf)
    __aeabi_f2uiz                            0x0800accd   Thumb Code     0  ffixu.o(x$fpl$ffixu)
    _ffixu                                   0x0800accd   Thumb Code    62  ffixu.o(x$fpl$ffixu)
    __aeabi_ui2f                             0x0800ad0d   Thumb Code     0  fflt_clz.o(x$fpl$ffltu)
    _ffltu                                   0x0800ad0d   Thumb Code    38  fflt_clz.o(x$fpl$ffltu)
    __aeabi_cfcmple                          0x0800ad35   Thumb Code     0  fleqf.o(x$fpl$fleqf)
    _fcmple                                  0x0800ad35   Thumb Code   104  fleqf.o(x$fpl$fleqf)
    __fpl_fcmple_InfNaN                      0x0800ad87   Thumb Code     0  fleqf.o(x$fpl$fleqf)
    __fpl_fnaninf                            0x0800ad9d   Thumb Code   140  fnaninf.o(x$fpl$fnaninf)
    __fpl_fretinf                            0x0800ae29   Thumb Code    10  fretinf.o(x$fpl$fretinf)
    __aeabi_cfrcmple                         0x0800ae33   Thumb Code     0  frleqf.o(x$fpl$frleqf)
    _frcmple                                 0x0800ae33   Thumb Code    98  frleqf.o(x$fpl$frleqf)
    __aeabi_fsub                             0x0800ae95   Thumb Code     0  faddsub_clz.o(x$fpl$fsub)
    _fsub                                    0x0800ae95   Thumb Code   234  faddsub_clz.o(x$fpl$fsub)
    Sine12bit                                0x0800af7e   Data          64  bsp_dac.o(.constdata)
    __I$use$fp                               0x0800af7e   Number         0  usenofp.o(x$fpl$usenofp)
    Square12bit0                             0x0800afbe   Data          64  bsp_dac.o(.constdata)
    Square12bit1                             0x0800affe   Data          64  bsp_dac.o(.constdata)
    Square12bit2                             0x0800b03e   Data          64  bsp_dac.o(.constdata)
    Triangular12bit                          0x0800b07e   Data          64  bsp_dac.o(.constdata)
    Sawtooth12bit                            0x0800b0be   Data          64  bsp_dac.o(.constdata)
    Null12bit                                0x0800b0fe   Data          64  bsp_dac.o(.constdata)
    chinese                                  0x0800b13e   Data         576  lcd.o(.constdata)
    asc2_1206                                0x0800b37e   Data        1140  lcd.o(.constdata)
    asc2_1608                                0x0800b7f2   Data        1520  lcd.o(.constdata)
    asc2_2412                                0x0800bde2   Data        3420  lcd.o(.constdata)
    table_week                               0x0800cb3e   Data          12  rtc.o(.constdata)
    mon_table                                0x0800cb4a   Data          12  rtc.o(.constdata)
    Region$$Table$$Base                      0x0800cc60   Number         0  anon$$obj.o(Region$$Table)
    Region$$Table$$Limit                     0x0800cc80   Number         0  anon$$obj.o(Region$$Table)
    WaveNum                                  0x20000000   Data           1  main.o(.data)
    WaveNumold                               0x20000001   Data           1  main.o(.data)
    PerNum                                   0x20000002   Data           1  main.o(.data)
    PerNumold                                0x20000003   Data           1  main.o(.data)
    MulNum                                   0x20000004   Data           1  main.o(.data)
    MulNumold                                0x20000005   Data           1  main.o(.data)
    DClockPWM                                0x20000006   Data           1  main.o(.data)
    DClockPWMold                             0x20000007   Data           1  main.o(.data)
    ASKNum                                   0x20000008   Data           1  main.o(.data)
    ASKNumold                                0x20000009   Data           1  main.o(.data)
    Idx                                      0x2000000a   Data           1  main.o(.data)
    multiple                                 0x2000000c   Data           4  main.o(.data)
    IICData                                  0x20000010   Data           4  main.o(.data)
    keyvalue                                 0x20000014   Data           1  main.o(.data)
    key_value                                0x20000015   Data           1  main.o(.data)
    i                                        0x20000016   Data           1  main.o(.data)
    t                                        0x20000017   Data           1  main.o(.data)
    A                                        0x20000018   Data           4  main.o(.data)
    F                                        0x2000001c   Data           4  main.o(.data)
    D                                        0x20000020   Data           4  main.o(.data)
    last_key_pressed                         0x20000024   Data           4  main.o(.data)
    SystemCoreClock                          0x20000028   Data           4  system_stm32f10x.o(.data)
    AHBPrescTable                            0x2000002c   Data          16  system_stm32f10x.o(.data)
    timeset                                  0x2000003c   Data           2  bsp_dac.o(.data)
    seg_tab                                  0x2000003e   Data          10  led.o(.data)
    POINT_COLOR                              0x20000048   Data           2  lcd.o(.data)
    BACK_COLOR                               0x2000004a   Data           2  lcd.o(.data)
    keyz                                     0x2000004c   Data           2  key.o(.data)
    __stdout                                 0x20000054   Data           4  usart.o(.data)
    USART_RX_STA                             0x20000058   Data           2  usart.o(.data)
    sys_cmd_tab                              0x20000070   Data          28  usmart.o(.data)
    usmart_nametab                           0x2000008c   Data          40  usmart_config.o(.data)
    usmart_dev                               0x200000b4   Data         244  usmart_config.o(.data)
    Dual12bit                                0x200001a8   Data         128  bsp_dac.o(.bss)
    lcddev                                   0x20000228   Data          14  lcd.o(.bss)
    calendar                                 0x20000236   Data          10  rtc.o(.bss)
    USART_RX_BUF                             0x20000240   Data         200  usart.o(.bss)
    __libspace_start                         0x20000308   Data          96  libspace.o(.bss)
    __temporary_stack_top$libspace           0x20000368   Data           0  libspace.o(.bss)



==============================================================================

Memory Map of the image

  Image Entry point : 0x08000131

  Load Region LR_IROM1 (Base: 0x08000000, Size: 0x0000ce28, Max: 0x00080000, ABSOLUTE, COMPRESSED[0x0000cd04])

    Execution Region ER_IROM1 (Exec base: 0x08000000, Load base: 0x08000000, Size: 0x0000cc80, Max: 0x00080000, ABSOLUTE)

    Exec Addr    Load Addr    Size         Type   Attr      Idx    E Section Name        Object

    0x08000000   0x08000000   0x00000130   Data   RO          599    RESET               startup_stm32f10x_hd.o
    0x08000130   0x08000130   0x00000008   Code   RO         1005  * !!!main             c_w.l(__main.o)
    0x08000138   0x08000138   0x00000034   Code   RO         1226    !!!scatter          c_w.l(__scatter.o)
    0x0800016c   0x0800016c   0x0000005a   Code   RO         1224    !!dczerorl2         c_w.l(__dczerorl2.o)
    0x080001c6   0x080001c6   0x00000002   PAD
    0x080001c8   0x080001c8   0x0000001c   Code   RO         1228    !!handler_zi        c_w.l(__scatter_zi.o)
    0x080001e4   0x080001e4   0x00000000   Code   RO         1000    .ARM.Collect$$_printf_percent$$00000000  c_w.l(_printf_percent.o)
    0x080001e4   0x080001e4   0x00000006   Code   RO          998    .ARM.Collect$$_printf_percent$$00000009  c_w.l(_printf_d.o)
    0x080001ea   0x080001ea   0x00000006   Code   RO          999    .ARM.Collect$$_printf_percent$$0000000A  c_w.l(_printf_u.o)
    0x080001f0   0x080001f0   0x00000006   Code   RO          997    .ARM.Collect$$_printf_percent$$0000000C  c_w.l(_printf_x.o)
    0x080001f6   0x080001f6   0x00000006   Code   RO          995    .ARM.Collect$$_printf_percent$$00000013  c_w.l(_printf_c.o)
    0x080001fc   0x080001fc   0x00000006   Code   RO          996    .ARM.Collect$$_printf_percent$$00000014  c_w.l(_printf_s.o)
    0x08000202   0x08000202   0x00000004   Code   RO         1054    .ARM.Collect$$_printf_percent$$00000017  c_w.l(_printf_percent_end.o)
    0x08000206   0x08000206   0x00000002   Code   RO         1098    .ARM.Collect$$libinit$$00000000  c_w.l(libinit.o)
    0x08000208   0x08000208   0x00000000   Code   RO         1105    .ARM.Collect$$libinit$$00000002  c_w.l(libinit2.o)
    0x08000208   0x08000208   0x00000000   Code   RO         1107    .ARM.Collect$$libinit$$00000004  c_w.l(libinit2.o)
    0x08000208   0x08000208   0x00000000   Code   RO         1110    .ARM.Collect$$libinit$$0000000A  c_w.l(libinit2.o)
    0x08000208   0x08000208   0x00000000   Code   RO         1112    .ARM.Collect$$libinit$$0000000C  c_w.l(libinit2.o)
    0x08000208   0x08000208   0x00000000   Code   RO         1114    .ARM.Collect$$libinit$$0000000E  c_w.l(libinit2.o)
    0x08000208   0x08000208   0x00000000   Code   RO         1117    .ARM.Collect$$libinit$$00000011  c_w.l(libinit2.o)
    0x08000208   0x08000208   0x00000000   Code   RO         1119    .ARM.Collect$$libinit$$00000013  c_w.l(libinit2.o)
    0x08000208   0x08000208   0x00000000   Code   RO         1121    .ARM.Collect$$libinit$$00000015  c_w.l(libinit2.o)
    0x08000208   0x08000208   0x00000000   Code   RO         1123    .ARM.Collect$$libinit$$00000017  c_w.l(libinit2.o)
    0x08000208   0x08000208   0x00000000   Code   RO         1125    .ARM.Collect$$libinit$$00000019  c_w.l(libinit2.o)
    0x08000208   0x08000208   0x00000000   Code   RO         1127    .ARM.Collect$$libinit$$0000001B  c_w.l(libinit2.o)
    0x08000208   0x08000208   0x00000000   Code   RO         1129    .ARM.Collect$$libinit$$0000001D  c_w.l(libinit2.o)
    0x08000208   0x08000208   0x00000000   Code   RO         1131    .ARM.Collect$$libinit$$0000001F  c_w.l(libinit2.o)
    0x08000208   0x08000208   0x00000000   Code   RO         1133    .ARM.Collect$$libinit$$00000021  c_w.l(libinit2.o)
    0x08000208   0x08000208   0x00000000   Code   RO         1135    .ARM.Collect$$libinit$$00000023  c_w.l(libinit2.o)
    0x08000208   0x08000208   0x00000000   Code   RO         1137    .ARM.Collect$$libinit$$00000025  c_w.l(libinit2.o)
    0x08000208   0x08000208   0x00000000   Code   RO         1141    .ARM.Collect$$libinit$$0000002C  c_w.l(libinit2.o)
    0x08000208   0x08000208   0x00000000   Code   RO         1143    .ARM.Collect$$libinit$$0000002E  c_w.l(libinit2.o)
    0x08000208   0x08000208   0x00000000   Code   RO         1145    .ARM.Collect$$libinit$$00000030  c_w.l(libinit2.o)
    0x08000208   0x08000208   0x00000000   Code   RO         1147    .ARM.Collect$$libinit$$00000032  c_w.l(libinit2.o)
    0x08000208   0x08000208   0x00000002   Code   RO         1148    .ARM.Collect$$libinit$$00000033  c_w.l(libinit2.o)
    0x0800020a   0x0800020a   0x00000002   Code   RO         1166    .ARM.Collect$$libshutdown$$00000000  c_w.l(libshutdown.o)
    0x0800020c   0x0800020c   0x00000000   Code   RO         1176    .ARM.Collect$$libshutdown$$00000002  c_w.l(libshutdown2.o)
    0x0800020c   0x0800020c   0x00000000   Code   RO         1178    .ARM.Collect$$libshutdown$$00000004  c_w.l(libshutdown2.o)
    0x0800020c   0x0800020c   0x00000000   Code   RO         1181    .ARM.Collect$$libshutdown$$00000007  c_w.l(libshutdown2.o)
    0x0800020c   0x0800020c   0x00000000   Code   RO         1184    .ARM.Collect$$libshutdown$$0000000A  c_w.l(libshutdown2.o)
    0x0800020c   0x0800020c   0x00000000   Code   RO         1186    .ARM.Collect$$libshutdown$$0000000C  c_w.l(libshutdown2.o)
    0x0800020c   0x0800020c   0x00000000   Code   RO         1189    .ARM.Collect$$libshutdown$$0000000F  c_w.l(libshutdown2.o)
    0x0800020c   0x0800020c   0x00000002   Code   RO         1190    .ARM.Collect$$libshutdown$$00000010  c_w.l(libshutdown2.o)
    0x0800020e   0x0800020e   0x00000000   Code   RO         1047    .ARM.Collect$$rtentry$$00000000  c_w.l(__rtentry.o)
    0x0800020e   0x0800020e   0x00000000   Code   RO         1067    .ARM.Collect$$rtentry$$00000002  c_w.l(__rtentry2.o)
    0x0800020e   0x0800020e   0x00000006   Code   RO         1079    .ARM.Collect$$rtentry$$00000004  c_w.l(__rtentry4.o)
    0x08000214   0x08000214   0x00000000   Code   RO         1069    .ARM.Collect$$rtentry$$00000009  c_w.l(__rtentry2.o)
    0x08000214   0x08000214   0x00000004   Code   RO         1070    .ARM.Collect$$rtentry$$0000000A  c_w.l(__rtentry2.o)
    0x08000218   0x08000218   0x00000000   Code   RO         1072    .ARM.Collect$$rtentry$$0000000C  c_w.l(__rtentry2.o)
    0x08000218   0x08000218   0x00000008   Code   RO         1073    .ARM.Collect$$rtentry$$0000000D  c_w.l(__rtentry2.o)
    0x08000220   0x08000220   0x00000002   Code   RO         1102    .ARM.Collect$$rtexit$$00000000  c_w.l(rtexit.o)
    0x08000222   0x08000222   0x00000000   Code   RO         1150    .ARM.Collect$$rtexit$$00000002  c_w.l(rtexit2.o)
    0x08000222   0x08000222   0x00000004   Code   RO         1151    .ARM.Collect$$rtexit$$00000003  c_w.l(rtexit2.o)
    0x08000226   0x08000226   0x00000006   Code   RO         1152    .ARM.Collect$$rtexit$$00000004  c_w.l(rtexit2.o)
    0x0800022c   0x0800022c   0x00000b54   Code   RO            1    .text               main.o
    0x08000d80   0x08000d80   0x0000001a   Code   RO          167    .text               stm32f10x_it.o
    0x08000d9a   0x08000d9a   0x00000002   PAD
    0x08000d9c   0x08000d9c   0x000001e0   Code   RO          182    .text               system_stm32f10x.o
    0x08000f7c   0x08000f7c   0x00000174   Code   RO          200    .text               24cxx.o
    0x080010f0   0x080010f0   0x0000028c   Code   RO          212    .text               myiic.o
    0x0800137c   0x0800137c   0x0000007c   Code   RO          267    .text               core_delay.o
    0x080013f8   0x080013f8   0x00000110   Code   RO          380    .text               bsp_dac.o
    0x08001508   0x08001508   0x000000c8   Code   RO          426    .text               led.o
    0x080015d0   0x080015d0   0x00004e4a   Code   RO          447    .text               lcd.o
    0x0800641a   0x0800641a   0x00000002   PAD
    0x0800641c   0x0800641c   0x00000198   Code   RO          477    .text               key.o
    0x080065b4   0x080065b4   0x0000047c   Code   RO          495    .text               rtc.o
    0x08006a30   0x08006a30   0x000000d4   Code   RO          533    .text               delay.o
    0x08006b04   0x08006b04   0x00000140   Code   RO          564    .text               usart.o
    0x08006c44   0x08006c44   0x00000040   Code   RO          600    .text               startup_stm32f10x_hd.o
    0x08006c84   0x08006c84   0x000000dc   Code   RO          604    .text               misc.o
    0x08006d60   0x08006d60   0x0000060c   Code   RO          616    .text               stm32f10x_fsmc.o
    0x0800736c   0x0800736c   0x0000035c   Code   RO          628    .text               stm32f10x_gpio.o
    0x080076c8   0x080076c8   0x000003a4   Code   RO          640    .text               stm32f10x_rcc.o
    0x08007a6c   0x08007a6c   0x00000408   Code   RO          654    .text               stm32f10x_usart.o
    0x08007e74   0x08007e74   0x000000c4   Code   RO          678    .text               stm32f10x_bkp.o
    0x08007f38   0x08007f38   0x0000018c   Code   RO          726    .text               stm32f10x_dac.o
    0x080080c4   0x080080c4   0x00000254   Code   RO          750    .text               stm32f10x_dma.o
    0x08008318   0x08008318   0x000000cc   Code   RO          810    .text               stm32f10x_pwr.o
    0x080083e4   0x080083e4   0x00000148   Code   RO          822    .text               stm32f10x_rtc.o
    0x0800852c   0x0800852c   0x00000e1a   Code   RO          858    .text               stm32f10x_tim.o
    0x08009346   0x08009346   0x00000002   PAD
    0x08009348   0x08009348   0x00000c38   Code   RO          882    .text               usmart.o
    0x08009f80   0x08009f80   0x00000528   Code   RO          926    .text               usmart_str.o
    0x0800a4a8   0x0800a4a8   0x00000002   Code   RO          940    .text               c_w.l(use_no_semi_2.o)
    0x0800a4aa   0x0800a4aa   0x00000002   PAD
    0x0800a4ac   0x0800a4ac   0x00000018   Code   RO          944    .text               c_w.l(noretval__2printf.o)
    0x0800a4c4   0x0800a4c4   0x0000004e   Code   RO          948    .text               c_w.l(_printf_pad.o)
    0x0800a512   0x0800a512   0x00000052   Code   RO          950    .text               c_w.l(_printf_str.o)
    0x0800a564   0x0800a564   0x00000078   Code   RO          952    .text               c_w.l(_printf_dec.o)
    0x0800a5dc   0x0800a5dc   0x00000058   Code   RO          957    .text               c_w.l(_printf_hex_int.o)
    0x0800a634   0x0800a634   0x00000188   Code   RO          992    .text               c_w.l(__printf_flags_ss_wp.o)
    0x0800a7bc   0x0800a7bc   0x00000006   Code   RO         1003    .text               c_w.l(heapauxi.o)
    0x0800a7c2   0x0800a7c2   0x00000002   Code   RO         1045    .text               c_w.l(use_no_semi.o)
    0x0800a7c4   0x0800a7c4   0x000000b2   Code   RO         1048    .text               c_w.l(_printf_intcommon.o)
    0x0800a876   0x0800a876   0x0000002c   Code   RO         1050    .text               c_w.l(_printf_char.o)
    0x0800a8a2   0x0800a8a2   0x00000002   PAD
    0x0800a8a4   0x0800a8a4   0x00000024   Code   RO         1052    .text               c_w.l(_printf_char_file.o)
    0x0800a8c8   0x0800a8c8   0x00000030   Code   RO         1081    .text               c_w.l(_printf_char_common.o)
    0x0800a8f8   0x0800a8f8   0x00000008   Code   RO         1083    .text               c_w.l(ferror.o)
    0x0800a900   0x0800a900   0x0000004a   Code   RO         1087    .text               c_w.l(sys_stackheap_outer.o)
    0x0800a94a   0x0800a94a   0x00000012   Code   RO         1091    .text               c_w.l(exit.o)
    0x0800a95c   0x0800a95c   0x00000008   Code   RO         1099    .text               c_w.l(libspace.o)
    0x0800a964   0x0800a964   0x0000000e   Code   RO          985    i._is_digit         c_w.l(__printf_wp.o)
    0x0800a972   0x0800a972   0x00000002   PAD
    0x0800a974   0x0800a974   0x0000005a   Code   RO         1007    x$fpl$dfixu         fz_ws.l(dfixu.o)
    0x0800a9ce   0x0800a9ce   0x00000026   Code   RO         1011    x$fpl$dfltu         fz_ws.l(dflt_clz.o)
    0x0800a9f4   0x0800a9f4   0x00000154   Code   RO         1017    x$fpl$dmul          fz_ws.l(dmul.o)
    0x0800ab48   0x0800ab48   0x0000009c   Code   RO         1055    x$fpl$dnaninf       fz_ws.l(dnaninf.o)
    0x0800abe4   0x0800abe4   0x0000000c   Code   RO         1057    x$fpl$dretinf       fz_ws.l(dretinf.o)
    0x0800abf0   0x0800abf0   0x000000c4   Code   RO         1019    x$fpl$fadd          fz_ws.l(faddsub_clz.o)
    0x0800acb4   0x0800acb4   0x00000018   Code   RO         1059    x$fpl$fcmpinf       fz_ws.l(fcmpi.o)
    0x0800accc   0x0800accc   0x0000003e   Code   RO         1029    x$fpl$ffixu         fz_ws.l(ffixu.o)
    0x0800ad0a   0x0800ad0a   0x00000002   PAD
    0x0800ad0c   0x0800ad0c   0x00000026   Code   RO         1033    x$fpl$ffltu         fz_ws.l(fflt_clz.o)
    0x0800ad32   0x0800ad32   0x00000002   PAD
    0x0800ad34   0x0800ad34   0x00000068   Code   RO         1039    x$fpl$fleqf         fz_ws.l(fleqf.o)
    0x0800ad9c   0x0800ad9c   0x0000008c   Code   RO         1061    x$fpl$fnaninf       fz_ws.l(fnaninf.o)
    0x0800ae28   0x0800ae28   0x0000000a   Code   RO         1063    x$fpl$fretinf       fz_ws.l(fretinf.o)
    0x0800ae32   0x0800ae32   0x00000062   Code   RO         1043    x$fpl$frleqf        fz_ws.l(frleqf.o)
    0x0800ae94   0x0800ae94   0x000000ea   Code   RO         1021    x$fpl$fsub          fz_ws.l(faddsub_clz.o)
    0x0800af7e   0x0800af7e   0x00000000   Code   RO         1065    x$fpl$usenofp       fz_ws.l(usenofp.o)
    0x0800af7e   0x0800af7e   0x000001c0   Data   RO          382    .constdata          bsp_dac.o
    0x0800b13e   0x0800b13e   0x00001a00   Data   RO          449    .constdata          lcd.o
    0x0800cb3e   0x0800cb3e   0x00000018   Data   RO          497    .constdata          rtc.o
    0x0800cb56   0x0800cb56   0x00000028   Data   RO          958    .constdata          c_w.l(_printf_hex_int.o)
    0x0800cb7e   0x0800cb7e   0x00000011   Data   RO          993    .constdata          c_w.l(__printf_flags_ss_wp.o)
    0x0800cb8f   0x0800cb8f   0x00000001   PAD
    0x0800cb90   0x0800cb90   0x00000028   Data   RO          883    .conststring        usmart.o
    0x0800cbb8   0x0800cbb8   0x000000a7   Data   RO          902    .conststring        usmart_config.o
    0x0800cc5f   0x0800cc5f   0x00000001   PAD
    0x0800cc60   0x0800cc60   0x00000020   Data   RO         1222    Region$$Table       anon$$obj.o


    Execution Region RW_IRAM1 (Exec base: 0x20000000, Load base: 0x0800cc80, Size: 0x00000968, Max: 0x00010000, ABSOLUTE, COMPRESSED[0x00000084])

    Exec Addr    Load Addr    Size         Type   Attr      Idx    E Section Name        Object

    0x20000000   COMPRESSED   0x00000028   Data   RW            2    .data               main.o
    0x20000028   COMPRESSED   0x00000014   Data   RW          183    .data               system_stm32f10x.o
    0x2000003c   COMPRESSED   0x00000002   Data   RW          383    .data               bsp_dac.o
    0x2000003e   COMPRESSED   0x0000000a   Data   RW          427    .data               led.o
    0x20000048   COMPRESSED   0x00000004   Data   RW          450    .data               lcd.o
    0x2000004c   COMPRESSED   0x00000002   Data   RW          478    .data               key.o
    0x2000004e   COMPRESSED   0x00000002   Data   RW          498    .data               rtc.o
    0x20000050   COMPRESSED   0x00000004   Data   RW          534    .data               delay.o
    0x20000054   COMPRESSED   0x00000006   Data   RW          566    .data               usart.o
    0x2000005a   COMPRESSED   0x00000014   Data   RW          641    .data               stm32f10x_rcc.o
    0x2000006e   COMPRESSED   0x00000002   PAD
    0x20000070   COMPRESSED   0x0000001c   Data   RW          884    .data               usmart.o
    0x2000008c   COMPRESSED   0x0000011c   Data   RW          903    .data               usmart_config.o
    0x200001a8        -       0x00000080   Zero   RW          381    .bss                bsp_dac.o
    0x20000228        -       0x0000000e   Zero   RW          448    .bss                lcd.o
    0x20000236        -       0x0000000a   Zero   RW          496    .bss                rtc.o
    0x20000240        -       0x000000c8   Zero   RW          565    .bss                usart.o
    0x20000308        -       0x00000060   Zero   RW         1100    .bss                c_w.l(libspace.o)
    0x20000368        -       0x00000200   Zero   RW          598    HEAP                startup_stm32f10x_hd.o
    0x20000568        -       0x00000400   Zero   RW          597    STACK               startup_stm32f10x_hd.o


==============================================================================

Image component sizes


      Code (inc. data)   RO Data    RW Data    ZI Data      Debug   Object Name

       372          0          0          0          0       2654   24cxx.o
       272         20        448          2        128     206684   bsp_dac.o
       124         16          0          0          0        874   core_delay.o
       212         18          0          4          0        987   delay.o
       408         10          0          2          0       1344   key.o
     20042        164       6656          4         14      23375   lcd.o
       200         28          0         10          0       1129   led.o
      2900        502          0         40          0     276217   main.o
       220         22          0          0          0       1745   misc.o
       652         14          0          0          0       1824   myiic.o
      1148         60         24          2         10       4286   rtc.o
        64         26        304          0       1536        768   startup_stm32f10x_hd.o
       196          8          0          0          0       3444   stm32f10x_bkp.o
       396          6          0          0          0       3610   stm32f10x_dac.o
       596          8          0          0          0       4310   stm32f10x_dma.o
      1548         18          0          0          0       5323   stm32f10x_fsmc.o
       860         38          0          0          0       5677   stm32f10x_gpio.o
        26          0          0          0          0       1154   stm32f10x_it.o
       204         14          0          0          0       1927   stm32f10x_pwr.o
       932         36          0         20          0       8828   stm32f10x_rcc.o
       328          4          0          0          0       2698   stm32f10x_rtc.o
      3610         88          0          0          0      22784   stm32f10x_tim.o
      1032         22          0          0          0       8404   stm32f10x_usart.o
         0          0          0          0          0         32   sys.o
       480         38          0         20          0       1659   system_stm32f10x.o
       320         18          0          6        200       3050   usart.o
      3128       1288         40         28          0       4290   usmart.o
         0          0        167        284          0       1536   usmart_config.o
      1320         12          0          0          0       5173   usmart_str.o

    ----------------------------------------------------------------------
     41596       2478       7672        424       1888     605786   Object Totals
         0          0         32          0          0          0   (incl. Generated)
         6          0          1          2          0          0   (incl. Padding)

    ----------------------------------------------------------------------

      Code (inc. data)   RO Data    RW Data    ZI Data      Debug   Library Member Name

        90          0          0          0          0          0   __dczerorl2.o
         8          0          0          0          0         68   __main.o
       392          4         17          0          0         92   __printf_flags_ss_wp.o
        14          0          0          0          0         68   __printf_wp.o
         0          0          0          0          0          0   __rtentry.o
        12          0          0          0          0          0   __rtentry2.o
         6          0          0          0          0          0   __rtentry4.o
        52          8          0          0          0          0   __scatter.o
        28          0          0          0          0          0   __scatter_zi.o
         6          0          0          0          0          0   _printf_c.o
        44          0          0          0          0        108   _printf_char.o
        48          6          0          0          0         96   _printf_char_common.o
        36          4          0          0          0         80   _printf_char_file.o
         6          0          0          0          0          0   _printf_d.o
       120         16          0          0          0         92   _printf_dec.o
        88          4         40          0          0         88   _printf_hex_int.o
       178          0          0          0          0         88   _printf_intcommon.o
        78          0          0          0          0        108   _printf_pad.o
         0          0          0          0          0          0   _printf_percent.o
         4          0          0          0          0          0   _printf_percent_end.o
         6          0          0          0          0          0   _printf_s.o
        82          0          0          0          0         80   _printf_str.o
         6          0          0          0          0          0   _printf_u.o
         6          0          0          0          0          0   _printf_x.o
        18          0          0          0          0         80   exit.o
         8          0          0          0          0         68   ferror.o
         6          0          0          0          0        152   heapauxi.o
         2          0          0          0          0          0   libinit.o
         2          0          0          0          0          0   libinit2.o
         2          0          0          0          0          0   libshutdown.o
         2          0          0          0          0          0   libshutdown2.o
         8          4          0          0         96         68   libspace.o
        24          4          0          0          0         84   noretval__2printf.o
         2          0          0          0          0          0   rtexit.o
        10          0          0          0          0          0   rtexit2.o
        74          0          0          0          0         80   sys_stackheap_outer.o
         2          0          0          0          0         68   use_no_semi.o
         2          0          0          0          0         68   use_no_semi_2.o
        90          4          0          0          0         92   dfixu.o
        38          0          0          0          0         68   dflt_clz.o
       340         12          0          0          0        104   dmul.o
       156          4          0          0          0         92   dnaninf.o
        12          0          0          0          0         68   dretinf.o
       430          8          0          0          0        168   faddsub_clz.o
        24          0          0          0          0         68   fcmpi.o
        62          4          0          0          0         84   ffixu.o
        38          0          0          0          0         68   fflt_clz.o
       104          4          0          0          0         84   fleqf.o
       140          4          0          0          0         84   fnaninf.o
        10          0          0          0          0         68   fretinf.o
        98          0          0          0          0         68   frleqf.o
         0          0          0          0          0          0   usenofp.o

    ----------------------------------------------------------------------
      3026         90         58          0         96       2752   Library Totals
        12          0          1          0          0          0   (incl. Padding)

    ----------------------------------------------------------------------

      Code (inc. data)   RO Data    RW Data    ZI Data      Debug   Library Name

      1472         50         57          0         96       1636   c_w.l
      1542         40          0          0          0       1116   fz_ws.l

    ----------------------------------------------------------------------
      3026         90         58          0         96       2752   Library Totals

    ----------------------------------------------------------------------

==============================================================================


      Code (inc. data)   RO Data    RW Data    ZI Data      Debug   

     44622       2568       7730        424       1984     604166   Grand Totals
     44622       2568       7730        132       1984     604166   ELF Image Totals (compressed)
     44622       2568       7730        132          0          0   ROM Totals

==============================================================================

    Total RO  Size (Code + RO Data)                52352 (  51.13kB)
    Total RW  Size (RW Data + ZI Data)              2408 (   2.35kB)
    Total ROM Size (Code + RO Data + RW Data)      52484 (  51.25kB)

==============================================================================

